Archive member included because of file (symbol)

c:/program files/atmel/atmel studio 6.0/extensions/atmel/avrgcc/3.4.0.65/avrtoolchain/bin/../lib/gcc/avr32/4.4.3/ucr2\libgcc.a(_udivdi3.o)
                              src/asf/avr32/components/display/et024006dhu/et024006dhu.o (__avr32_udiv64)
c:/program files/atmel/atmel studio 6.0/extensions/atmel/avrgcc/3.4.0.65/avrtoolchain/bin/../lib/gcc/avr32/4.4.3/../../../../avr32/lib/ucr2\libc.a(lib_a-memcpy.o)
                              src/cryptX2/hmac/hmac_sha2.o (memcpy)
c:/program files/atmel/atmel studio 6.0/extensions/atmel/avrgcc/3.4.0.65/avrtoolchain/bin/../lib/gcc/avr32/4.4.3/../../../../avr32/lib/ucr2\libc.a(lib_a-memset.o)
                              src/cryptX2/hmac/hmac_sha2.o (memset)

Allocating common symbols
Common symbol       size              file

var_Password        0x20              src/cryptX2/pbkdf2.o
udi_msc_b_abort_trans
                    0x1               src/asf/common/services/usb/class/msc/device/udi_msc.o
g_card_rca          0x8               src/asf/avr32/components/memory/sd_mmc/sd_mmc_mci/sd_mmc_mci.o
ccountt1            0x4               src/aes_example.o
Stored_values_ram   0xc4              src/cryptX2/Salt.o
var_Hkey            0x20              src/cryptX2/Salt.o
Tempo               0x4               src/aes_example.o
g_card_size         0x8               src/asf/avr32/components/memory/sd_mmc/sd_mmc_mci/sd_mmc_mci.o
sector_buf_1        0x200             src/asf/avr32/components/memory/sd_mmc/sd_mmc_mci/sd_mmc_mci.o
udd_g_ctrlreq       0x18              src/asf/avr32/drivers/usbb/usbb_device.o
g_card_bus_width    0x2               src/asf/avr32/components/memory/sd_mmc/sd_mmc_mci/sd_mmc_mci.o
chunk               0x20              src/cryptX2/sha256.o
sleepmgr_locks      0x7               src/asf/common/services/sleepmgr/uc3/sleepmgr.o
var_T               0x20              src/cryptX2/Salt.o
ccountt0            0x4               src/aes_example.o
g_card_freq         0x4               src/asf/avr32/components/memory/sd_mmc/sd_mmc_mci/sd_mmc_mci.o
var_R               0x20              src/cryptX2/Salt.o
crcTable            0x200             src/cryptX2/crc.o
sector_buf_0        0x200             src/asf/avr32/components/memory/sd_mmc/sd_mmc_mci/sd_mmc_mci.o
var_Salt            0x20              src/cryptX2/Salt.o
pass_code           0x4               src/cryptX2/Salt.o
OutputData          0x40              src/aes_example.o
g_card_type         0x2               src/asf/avr32/components/memory/sd_mmc/sd_mmc_mci/sd_mmc_mci.o

Discarded input sections

 .text          0x00000000        0x0 src/cryptX2/crc.o
 .data          0x00000000        0x0 src/cryptX2/crc.o
 .bss           0x00000000        0x0 src/cryptX2/crc.o
 .text.reflect  0x00000000       0x7c src/cryptX2/crc.o
 .text.crcSlow  0x00000000       0xaa src/cryptX2/crc.o
 .text          0x00000000        0x0 src/cryptX2/hmac/hmac_sha2.o
 .data          0x00000000        0x0 src/cryptX2/hmac/hmac_sha2.o
 .bss           0x00000000        0x0 src/cryptX2/hmac/hmac_sha2.o
 .text.hmac_sha224_init
                0x00000000      0x1b0 src/cryptX2/hmac/hmac_sha2.o
 .text.hmac_sha224_reinit
                0x00000000       0x4c src/cryptX2/hmac/hmac_sha2.o
 .text.hmac_sha224_update
                0x00000000       0x30 src/cryptX2/hmac/hmac_sha2.o
 .text.hmac_sha224_final
                0x00000000       0x74 src/cryptX2/hmac/hmac_sha2.o
 .text.hmac_sha224
                0x00000000       0x6c src/cryptX2/hmac/hmac_sha2.o
 .text.hmac_sha256_reinit
                0x00000000       0x4c src/cryptX2/hmac/hmac_sha2.o
 .text.hmac_sha384_init
                0x00000000      0x1b8 src/cryptX2/hmac/hmac_sha2.o
 .text.hmac_sha384_reinit
                0x00000000       0x4c src/cryptX2/hmac/hmac_sha2.o
 .text.hmac_sha384_update
                0x00000000       0x30 src/cryptX2/hmac/hmac_sha2.o
 .text.hmac_sha384_final
                0x00000000       0x74 src/cryptX2/hmac/hmac_sha2.o
 .text.hmac_sha384
                0x00000000       0x6c src/cryptX2/hmac/hmac_sha2.o
 .text.hmac_sha512_init
                0x00000000      0x1b8 src/cryptX2/hmac/hmac_sha2.o
 .text.hmac_sha512_reinit
                0x00000000       0x4c src/cryptX2/hmac/hmac_sha2.o
 .text.hmac_sha512_update
                0x00000000       0x30 src/cryptX2/hmac/hmac_sha2.o
 .text.hmac_sha512_final
                0x00000000       0x74 src/cryptX2/hmac/hmac_sha2.o
 .text.hmac_sha512
                0x00000000       0x6c src/cryptX2/hmac/hmac_sha2.o
 .text          0x00000000        0x0 src/cryptX2/hmac/sha2.o
 .data          0x00000000        0x0 src/cryptX2/hmac/sha2.o
 .bss           0x00000000        0x0 src/cryptX2/hmac/sha2.o
 .data.sha224_h0
                0x00000000       0x20 src/cryptX2/hmac/sha2.o
 .data.sha384_h0
                0x00000000       0x40 src/cryptX2/hmac/sha2.o
 .data.sha512_h0
[...]
Memory Configuration

Name             Origin             Length             Attributes
FLASH            0x80000000         0x00040000         axrl !w
INTRAM           0x00000004         0x0000fffc         axw !rl
HRAM0            0xff000000         0x00008000         axw !rl
HRAM1            0xff008000         0x00008000         axw !rl
USERPAGE         0x80800000         0x00000200
*default*        0x00000000         0xffffffff

Linker script and memory map

                0x00001000                _stack_size = 0x1000
LOAD src/cryptX2/crc.o
LOAD src/cryptX2/hmac/hmac_sha2.o
LOAD src/cryptX2/hmac/sha2.o
LOAD src/cryptX2/pbkdf2.o
LOAD src/cryptX2/Salt.o
LOAD src/cryptX2/sha256.o
LOAD src/cryptX2/Utils.o
LOAD src/tc_task.o
LOAD src/aes_example.o
LOAD src/asf/avr32/boards/evk1104/init.o
LOAD src/asf/avr32/boards/evk1104/led.o
LOAD src/asf/avr32/components/display/et024006dhu/et024006dhu.o
LOAD src/asf/avr32/components/memory/sd_mmc/sd_mmc_mci/sd_mmc_mci.o
LOAD src/asf/avr32/components/memory/sd_mmc/sd_mmc_mci/sd_mmc_mci_mem.o
LOAD src/asf/avr32/drivers/aes/aes.o
LOAD src/asf/avr32/drivers/ebi/smc/smc.o
LOAD src/asf/avr32/drivers/flashc/flashc.o
LOAD src/asf/avr32/drivers/gpio/gpio.o
LOAD src/asf/avr32/drivers/intc/exception.o
LOAD src/asf/avr32/drivers/intc/intc.o
LOAD src/asf/avr32/drivers/mci/mci.o
LOAD src/asf/avr32/drivers/pm/pm.o
LOAD src/asf/avr32/drivers/pm/pm_conf_clocks.o
LOAD src/asf/avr32/drivers/pm/power_clocks_lib.o
LOAD src/asf/avr32/drivers/spi/spi.o
LOAD src/asf/avr32/drivers/tc/tc.o
LOAD src/asf/avr32/drivers/usbb/usbb_device.o
LOAD src/asf/avr32/utils/startup/startup_uc3.o
LOAD src/asf/avr32/utils/startup/trampoline_uc3.o
LOAD src/asf/common/components/memory/data_flash/at45dbx/at45dbx.o
LOAD src/asf/common/components/memory/data_flash/at45dbx/at45dbx_mem.o
LOAD src/asf/common/components/memory/virtual_mem/virtual_mem.o
LOAD src/asf/common/services/clock/uc3a3_a4/sysclk.o
LOAD src/asf/common/services/sleepmgr/uc3/sleepmgr.o
LOAD src/asf/common/services/spi/uc3_spi/spi_master.o
LOAD src/asf/common/services/storage/ctrl_access/ctrl_access.o
LOAD src/asf/common/services/usb/class/msc/device/example/at32uc3a3256_evk1104/ui.o
LOAD src/asf/common/services/usb/class/msc/device/udi_msc.o
LOAD src/asf/common/services/usb/class/msc/device/udi_msc_desc.o
LOAD src/asf/common/services/usb/udc/udc.o
LOAD src/main.o
LOAD src/memories_initialization_uc3.o
START GROUP
LOAD c:/program files/atmel/atmel studio 6.0/extensions/atmel/avrgcc/3.4.0.65/avrtoolchain/bin/../lib/gcc/avr32/4.4.3/../../../../avr32/lib/ucr2\libm.a
END GROUP
LOAD c:/program files/atmel/atmel studio 6.0/extensions/atmel/avrgcc/3.4.0.65/avrtoolchain/bin/../lib/gcc/avr32/4.4.3/ucr2\libgcc.a
LOAD c:/program files/atmel/atmel studio 6.0/extensions/atmel/avrgcc/3.4.0.65/avrtoolchain/bin/../lib/gcc/avr32/4.4.3/../../../../avr32/lib/ucr2\libc.a
LOAD c:/program files/atmel/atmel studio 6.0/extensions/atmel/avrgcc/3.4.0.65/avrtoolchain/bin/../lib/gcc/avr32/4.4.3/ucr2\libgcc.a
                0xffffffff                __max_heap_size__ = 0xffffffff
                [0xffffffff]                __heap_size__ = DEFINED (__heap_size__)?__heap_size__:__max_heap_size__
                [0x00001000]                __stack_size__ = DEFINED (__stack_size__)?__stack_size__:0x1000
                [0x00000200]                __flash_nvram_size__ = DEFINED (__flash_nvram_size__)?__flash_nvram_size__:0x200
                0x80000000                PROVIDE (__executable_start, 0x80000000)
                0x80000000                . = 0x80000000

.interp
 *(.interp)

.reset          0x80000000     0x2008
 *(.reset)
 .reset         0x80000000     0x2008 src/asf/avr32/utils/startup/trampoline_uc3.o
                0x80000000                _trampoline

.hash
 *(.hash)

.dynsym
 *(.dynsym)

.dynstr
 *(.dynstr)

.gnu.version
 *(.gnu.version)

.gnu.version_d
 *(.gnu.version_d)

.gnu.version_r
 *(.gnu.version_r)

.rel.init
 *(.rel.init)

.rela.init
 *(.rela.init)

.rel.text
 *(.rel.text .rel.text.* .rel.gnu.linkonce.t.*)

.rela.text
 *(.rela.text .rela.text.* .rela.gnu.linkonce.t.*)

.rel.fini
 *(.rel.fini)

.rela.fini
 *(.rela.fini)

.rel.rodata
 *(.rel.rodata .rel.rodata.* .rel.gnu.linkonce.r.*)

.rela.rodata
 *(.rela.rodata .rela.rodata.* .rela.gnu.linkonce.r.*)

.rel.data.rel.ro
 *(.rel.data.rel.ro*)

.rela.data.rel.ro
 *(.rel.data.rel.ro*)

.rel.data
 *(.rel.data .rel.data.* .rel.gnu.linkonce.d.*)

.rela.data
 *(.rela.data .rela.data.* .rela.gnu.linkonce.d.*)

.rel.tdata
 *(.rel.tdata .rel.tdata.* .rel.gnu.linkonce.td.*)

.rela.tdata
 *(.rela.tdata .rela.tdata.* .rela.gnu.linkonce.td.*)

.rel.tbss
 *(.rel.tbss .rel.tbss.* .rel.gnu.linkonce.tb.*)

.rela.tbss
 *(.rela.tbss .rela.tbss.* .rela.gnu.linkonce.tb.*)

.rel.ctors
 *(.rel.ctors)

.rela.ctors
 *(.rela.ctors)

.rel.dtors
 *(.rel.dtors)

.rela.dtors
 *(.rela.dtors)

.rel.got
 *(.rel.got)

.rela.got       0x80002008        0x0
 *(.rela.got)
 .rela.got      0x80002008        0x0 src/asf/avr32/drivers/flashc/flashc.o

.rel.bss
 *(.rel.bss .rel.bss.* .rel.gnu.linkonce.b.*)

.rela.bss
 *(.rela.bss .rela.bss.* .rela.gnu.linkonce.b.*)

.rel.plt
 *(.rel.plt)

.rela.plt
 *(.rela.plt)

.init
 *(.init)

.plt
 *(.plt)

.text           0x80002008     0xca44
 *(.text .stub .text.* .gnu.linkonce.t.*)
 .text.crcInit  0x80002008       0x94 src/cryptX2/crc.o
                0x80002008                crcInit
 .text.crcFast  0x8000209c       0x84 src/cryptX2/crc.o
                0x8000209c                crcFast
 .text.hmac_sha256_init
                0x80002120      0x1b0 src/cryptX2/hmac/hmac_sha2.o
                0x80002120                hmac_sha256_init
 .text.hmac_sha256_update
                0x800022d0       0x30 src/cryptX2/hmac/hmac_sha2.o
                0x800022d0                hmac_sha256_update
 .text.hmac_sha256_final
                0x80002300       0x74 src/cryptX2/hmac/hmac_sha2.o
                0x80002300                hmac_sha256_final
 .text.hmac_sha256
                0x80002374       0x6c src/cryptX2/hmac/hmac_sha2.o
                0x80002374                hmac_sha256
 .text.sha256_transf
                0x800023e0      0x37c src/cryptX2/hmac/sha2.o
                0x800023e0                sha256_transf
 .text.sha256   0x8000275c       0x54 src/cryptX2/hmac/sha2.o
                0x8000275c                sha256
 .text.sha256_init
                0x800027b0       0x5c src/cryptX2/hmac/sha2.o
                0x800027b0                sha256_init
 .text.sha256_update
                0x8000280c      0x128 src/cryptX2/hmac/sha2.o
                0x8000280c                sha256_update
 .text.sha256_final
                0x80002934      0x1b0 src/cryptX2/hmac/sha2.o
                0x80002934                sha256_final
 .text.pbkdf2_func
                0x80002ae4      0x250 src/cryptX2/pbkdf2.o
                0x80002ae4                pbkdf2_func
 .text.encrypt_password
                0x80002d34       0xb4 src/cryptX2/Salt.o
                0x80002d34                encrypt_password
 .text.random_lcg
                0x80002de8       0x30 src/cryptX2/Salt.o
                0x80002de8                random_lcg
 .text.calculate_salt
                0x80002e18       0xb0 src/cryptX2/Salt.o
                0x80002e18                calculate_salt
 .text.xor_func
                0x80002ec8       0x6c src/cryptX2/Salt.o
                0x80002ec8                xor_func
 .text.save_salt_to_mcu
                0x80002f34       0x5c src/cryptX2/Salt.o
                0x80002f34                save_salt_to_mcu
 .text.Update_stored_values
                0x80002f90       0x24 src/cryptX2/Salt.o
                0x80002f90                Update_stored_values
 .text.Load_stored_values
                0x80002fb4       0x24 src/cryptX2/Salt.o
                0x80002fb4                Load_stored_values
 .text.Start_W_timer
                0x80002fd8       0x44 src/cryptX2/Salt.o
                0x80002fd8                Start_W_timer
 .text.Calculate_block_crc
                0x8000301c       0x28 src/cryptX2/Salt.o
                0x8000301c                Calculate_block_crc
 .text.calculate_hash
                0x80003044      0x3bc src/cryptX2/sha256.o
                0x80003044                calculate_hash
 .text.PadtheMessage
                0x80003400       0x78 src/cryptX2/sha256.o
                0x80003400                PadtheMessage
 .text.Rotate_right
                0x80003478       0x4e src/cryptX2/sha256.o
                0x80003478                Rotate_right
 *fill*         0x800034c6        0x2 d703d703
 .text.sysclk_enable_hsb_module
                0x800034c8       0x20 src/tc_task.o
 .text.sysclk_enable_pba_module
                0x800034e8       0x20 src/tc_task.o
 .text.sysclk_enable_peripheral_clock
                0x80003508      0x214 src/tc_task.o
 .text.tc_irq   0x8000371c       0xe8 src/tc_task.o
 .text.is_button_released
                0x80003804       0x38 src/tc_task.o
                0x80003804                is_button_released
 .text.Read_button
                0x8000383c      0x174 src/tc_task.o
                0x8000383c                Read_button
 .text.button_pressed
                0x800039b0       0xd8 src/tc_task.o
                0x800039b0                button_pressed
 .text.check_all_buttons_high
                0x80003a88       0x80 src/tc_task.o
                0x80003a88                check_all_buttons_high
 .text.read_push_button
                0x80003b08       0x80 src/tc_task.o
                0x80003b08                read_push_button
 .text.push_buttons_init
                0x80003b88       0x38 src/tc_task.o
                0x80003b88                push_buttons_init
 .text.store_passcode
                0x80003bc0       0x88 src/tc_task.o
                0x80003bc0                store_passcode
 .text.store_sequence
                0x80003c48       0xec src/tc_task.o
                0x80003c48                store_sequence
 .text.check_programming_mode_entry_sequence
                0x80003d34       0x8c src/tc_task.o
                0x80003d34                check_programming_mode_entry_sequence
 .text.check_normal_mode_entry_sequence
                0x80003dc0      0x11c src/tc_task.o
                0x80003dc0                check_normal_mode_entry_sequence
 .text.check_for_mode_selected
                0x80003edc       0x14 src/tc_task.o
                0x80003edc                check_for_mode_selected
 .text.process_selected_mode
                0x80003ef0      0x118 src/tc_task.o
                0x80003ef0                process_selected_mode
 .text.compare_entered_passwords
                0x80004008       0x58 src/tc_task.o
                0x80004008                compare_entered_passwords
 .text.read_password
                0x80004060       0x28 src/tc_task.o
                0x80004060                read_password
 .text.compare_with_saved_password
                0x80004088       0xdc src/tc_task.o
                0x80004088                compare_with_saved_password
 .text.tc_init  0x80004164       0x64 src/tc_task.o
 .text.tc_task  0x800041c8       0x64 src/tc_task.o
                0x800041c8                tc_task
 .text.init_hmatrix
                0x8000422c       0x32 src/aes_example.o
 *fill*         0x8000425e        0x2 d703d703
 .text.aes_task
                0x80004260       0x14 src/aes_example.o
                0x80004260                aes_task
 .text.aes_init
                0x80004274       0x6c src/aes_example.o
                0x80004274                aes_init
 .text.apply_aes_encryption
                0x800042e0      0x114 src/aes_example.o
                0x800042e0                apply_aes_encryption
 .text.board_init
                0x800043f4       0x7c src/asf/avr32/boards/evk1104/init.o
                0x800043f4                board_init
 .text.LED_Off  0x80004470       0xb8 src/asf/avr32/boards/evk1104/led.o
                0x80004470                LED_Off
 .text.LED_On   0x80004528       0xb4 src/asf/avr32/boards/evk1104/led.o
                0x80004528                LED_On
 .text.et024006_Init
                0x800045dc       0x78 src/asf/avr32/components/display/et024006dhu/et024006dhu.o
                0x800045dc                et024006_Init
 .text.et024006_DrawFilledRect
                0x80004654       0x88 src/asf/avr32/components/display/et024006dhu/et024006dhu.o
                0x80004654                et024006_DrawFilledRect
 .text.et024006_PrintString
                0x800046dc      0x390 src/asf/avr32/components/display/et024006dhu/et024006dhu.o
                0x800046dc                et024006_PrintString
 .text.et024006_SetRegister
                0x80004a6c       0x6e src/asf/avr32/components/display/et024006dhu/et024006dhu.o
 .text.et024006_SetLimits
                0x80004ada      0x156 src/asf/avr32/components/display/et024006dhu/et024006dhu.o
 .text.et024006_SetQuickLimits
                0x80004c30       0xb2 src/asf/avr32/components/display/et024006dhu/et024006dhu.o
 *fill*         0x80004ce2        0x2 d703d703
 .text.et024006_DrawQuickPixel
                0x80004ce4       0x50 src/asf/avr32/components/display/et024006dhu/et024006dhu.o
 .text.et024006_DuplicatePixel
                0x80004d34       0xac src/asf/avr32/components/display/et024006dhu/et024006dhu.o
 .text.et024006_SetupInterface
                0x80004de0       0x2c src/asf/avr32/components/display/et024006dhu/et024006dhu.o
 .text.et024006_ResetDisplay
                0x80004e0c      0x2c0 src/asf/avr32/components/display/et024006dhu/et024006dhu.o
 .text.et024006_AdjustGamma
                0x800050cc      0x18e src/asf/avr32/components/display/et024006dhu/et024006dhu.o
 .text.et024006_GeneralSettings
                0x8000525a      0x20e src/asf/avr32/components/display/et024006dhu/et024006dhu.o
 .text.et024006_PowerSettings
                0x80005468      0x18e src/asf/avr32/components/display/et024006dhu/et024006dhu.o
 .text.et024006_InterfaceSettings
                0x800055f6       0x2e src/asf/avr32/components/display/et024006dhu/et024006dhu.o
 .text.et024006_PowerUp
                0x80005624      0x734 src/asf/avr32/components/display/et024006dhu/et024006dhu.o
 .text.et024006_PowerOn
                0x80005d58      0x314 src/asf/avr32/components/display/et024006dhu/et024006dhu.o
 .text          0x8000606c       0x2c src/asf/avr32/components/memory/sd_mmc/sd_mmc_mci/sd_mmc_mci.o
 .text.is_sd_mmc_mci_card_present
                0x80006098       0x5c src/asf/avr32/components/memory/sd_mmc/sd_mmc_mci/sd_mmc_mci.o
                0x80006098                is_sd_mmc_mci_card_present
 .text.is_sd_mmc_mci_card_protected
                0x800060f4       0x5c src/asf/avr32/components/memory/sd_mmc/sd_mmc_mci/sd_mmc_mci.o
                0x800060f4                is_sd_mmc_mci_card_protected
 .text.sd_mmc_mci_get_csd
                0x80006150      0x2f0 src/asf/avr32/components/memory/sd_mmc/sd_mmc_mci/sd_mmc_mci.o
 .text.sd_mmc_get_ext_csd
                0x80006440      0x1cc src/asf/avr32/components/memory/sd_mmc/sd_mmc_mci/sd_mmc_mci.o
 .text.sd_mmc_set_block_len
                0x8000660c       0xc0 src/asf/avr32/components/memory/sd_mmc/sd_mmc_mci/sd_mmc_mci.o
 .text.sd_mmc_mci_init
                0x800066cc       0xc0 src/asf/avr32/components/memory/sd_mmc/sd_mmc_mci/sd_mmc_mci.o
                0x800066cc                sd_mmc_mci_init
 .text.sd_mmc_mci_card_init
                0x8000678c      0x8e4 src/asf/avr32/components/memory/sd_mmc/sd_mmc_mci/sd_mmc_mci.o
                0x8000678c                sd_mmc_mci_card_init
 .text.dma_mci_2_ram
                0x80007070       0x50 src/asf/avr32/components/memory/sd_mmc/sd_mmc_mci/sd_mmc_mci.o
 .text.is_dma_mci_2_ram_complete
                0x800070c0       0x20 src/asf/avr32/components/memory/sd_mmc/sd_mmc_mci/sd_mmc_mci.o
 .text.dma_ram_2_mci
                0x800070e0       0x50 src/asf/avr32/components/memory/sd_mmc/sd_mmc_mci/sd_mmc_mci.o
 .text.is_dma_ram_2_mci_complete
                0x80007130       0x20 src/asf/avr32/components/memory/sd_mmc/sd_mmc_mci/sd_mmc_mci.o
 .text.sd_mmc_mci_mem_check
                0x80007150       0xe0 src/asf/avr32/components/memory/sd_mmc/sd_mmc_mci/sd_mmc_mci.o
                0x80007150                sd_mmc_mci_mem_check
 .text.sd_mmc_mci_dma_read_open
                0x80007230      0x194 src/asf/avr32/components/memory/sd_mmc/sd_mmc_mci/sd_mmc_mci.o
                0x80007230                sd_mmc_mci_dma_read_open
 .text.sd_mmc_mci_read_close
                0x800073c4       0x9c src/asf/avr32/components/memory/sd_mmc/sd_mmc_mci/sd_mmc_mci.o
                0x800073c4                sd_mmc_mci_read_close
 .text.sd_mmc_mci_dma_write_open
                0x80007460      0x16c src/asf/avr32/components/memory/sd_mmc/sd_mmc_mci/sd_mmc_mci.o
                0x80007460                sd_mmc_mci_dma_write_open
 .text.sd_mmc_mci_write_close
                0x800075cc       0xf0 src/asf/avr32/components/memory/sd_mmc/sd_mmc_mci/sd_mmc_mci.o
                0x800075cc                sd_mmc_mci_write_close
 .text.int2alpha
                0x800076bc       0xdc src/asf/avr32/components/memory/sd_mmc/sd_mmc_mci/sd_mmc_mci.o
                0x800076bc                int2alpha
 .text.string_len
                0x80007798       0x48 src/asf/avr32/components/memory/sd_mmc/sd_mmc_mci/sd_mmc_mci.o
                0x80007798                string_len
 .text.string_cat
                0x800077e0       0x42 src/asf/avr32/components/memory/sd_mmc/sd_mmc_mci/sd_mmc_mci.o
                0x800077e0                string_cat
 *fill*         0x80007822        0x2 d703d703
 .text.sd_mmc_mci_read_multiple_sector
                0x80007824      0x208 src/asf/avr32/components/memory/sd_mmc/sd_mmc_mci/sd_mmc_mci.o
                0x80007824                sd_mmc_mci_read_multiple_sector
 .text.sd_mmc_mci_write_multiple_sector
                0x80007a2c      0x204 src/asf/avr32/components/memory/sd_mmc/sd_mmc_mci/sd_mmc_mci.o
                0x80007a2c                sd_mmc_mci_write_multiple_sector
 .text.sd_mmc_mci_cmd_send_status
                0x80007c30       0x80 src/asf/avr32/components/memory/sd_mmc/sd_mmc_mci/sd_mmc_mci.o
                0x80007c30                sd_mmc_mci_cmd_send_status
 .text.sd_mmc_mci_test_unit_ready
                0x80007cb0       0xcc src/asf/avr32/components/memory/sd_mmc/sd_mmc_mci/sd_mmc_mci_mem.o
                0x80007cb0                sd_mmc_mci_test_unit_ready
 .text.sd_mmc_mci_test_unit_ready_0
                0x80007d7c       0x18 src/asf/avr32/components/memory/sd_mmc/sd_mmc_mci/sd_mmc_mci_mem.o
                0x80007d7c                sd_mmc_mci_test_unit_ready_0
 .text.sd_mmc_mci_test_unit_ready_1
                0x80007d94       0x18 src/asf/avr32/components/memory/sd_mmc/sd_mmc_mci/sd_mmc_mci_mem.o
                0x80007d94                sd_mmc_mci_test_unit_ready_1
 .text.sd_mmc_mci_read_capacity
                0x80007dac       0x50 src/asf/avr32/components/memory/sd_mmc/sd_mmc_mci/sd_mmc_mci_mem.o
                0x80007dac                sd_mmc_mci_read_capacity
 .text.sd_mmc_mci_read_capacity_0
                0x80007dfc       0x24 src/asf/avr32/components/memory/sd_mmc/sd_mmc_mci/sd_mmc_mci_mem.o
                0x80007dfc                sd_mmc_mci_read_capacity_0
 .text.sd_mmc_mci_read_capacity_1
                0x80007e20       0x24 src/asf/avr32/components/memory/sd_mmc/sd_mmc_mci/sd_mmc_mci_mem.o
                0x80007e20                sd_mmc_mci_read_capacity_1
 .text.sd_mmc_mci_wr_protect
                0x80007e44       0x28 src/asf/avr32/components/memory/sd_mmc/sd_mmc_mci/sd_mmc_mci_mem.o
                0x80007e44                sd_mmc_mci_wr_protect
 .text.sd_mmc_mci_wr_protect_0
                0x80007e6c       0x18 src/asf/avr32/components/memory/sd_mmc/sd_mmc_mci/sd_mmc_mci_mem.o
                0x80007e6c                sd_mmc_mci_wr_protect_0
 .text.sd_mmc_mci_wr_protect_1
                0x80007e84       0x18 src/asf/avr32/components/memory/sd_mmc/sd_mmc_mci/sd_mmc_mci_mem.o
                0x80007e84                sd_mmc_mci_wr_protect_1
 .text.sd_mmc_mci_removal
                0x80007e9c       0x18 src/asf/avr32/components/memory/sd_mmc/sd_mmc_mci/sd_mmc_mci_mem.o
                0x80007e9c                sd_mmc_mci_removal
 .text.sd_mmc_mci_removal_0
                0x80007eb4       0x18 src/asf/avr32/components/memory/sd_mmc/sd_mmc_mci/sd_mmc_mci_mem.o
                0x80007eb4                sd_mmc_mci_removal_0
 .text.sd_mmc_mci_removal_1
                0x80007ecc       0x18 src/asf/avr32/components/memory/sd_mmc/sd_mmc_mci/sd_mmc_mci_mem.o
                0x80007ecc                sd_mmc_mci_removal_1
 .text.sd_mmc_mci_usb_read_10
                0x80007ee4       0xa8 src/asf/avr32/components/memory/sd_mmc/sd_mmc_mci/sd_mmc_mci_mem.o
                0x80007ee4                sd_mmc_mci_usb_read_10
 .text.sd_mmc_mci_usb_read_10_0
                0x80007f8c       0x30 src/asf/avr32/components/memory/sd_mmc/sd_mmc_mci/sd_mmc_mci_mem.o
                0x80007f8c                sd_mmc_mci_usb_read_10_0
 .text.sd_mmc_mci_usb_read_10_1
                0x80007fbc       0x30 src/asf/avr32/components/memory/sd_mmc/sd_mmc_mci/sd_mmc_mci_mem.o
                0x80007fbc                sd_mmc_mci_usb_read_10_1
 .text.sd_mmc_mci_usb_write_10
                0x80007fec       0xa8 src/asf/avr32/components/memory/sd_mmc/sd_mmc_mci/sd_mmc_mci_mem.o
                0x80007fec                sd_mmc_mci_usb_write_10
 .text.sd_mmc_mci_usb_write_10_0
                0x80008094       0x30 src/asf/avr32/components/memory/sd_mmc/sd_mmc_mci/sd_mmc_mci_mem.o
                0x80008094                sd_mmc_mci_usb_write_10_0
 .text.sd_mmc_mci_usb_write_10_1
                0x800080c4       0x30 src/asf/avr32/components/memory/sd_mmc/sd_mmc_mci/sd_mmc_mci_mem.o
                0x800080c4                sd_mmc_mci_usb_write_10_1
 .text.aes_configure
                0x800080f4       0x90 src/asf/avr32/drivers/aes/aes.o
                0x800080f4                aes_configure
 .text.aes_set_key
                0x80008184       0x8e src/asf/avr32/drivers/aes/aes.o
                0x80008184                aes_set_key
 .text.aes_set_initvector
                0x80008212       0x5c src/asf/avr32/drivers/aes/aes.o
                0x80008212                aes_set_initvector
 .text.aes_write_inputdata
                0x8000826e       0x98 src/asf/avr32/drivers/aes/aes.o
                0x8000826e                aes_write_inputdata
 .text.aes_read_outputdata
                0x80008306       0x98 src/asf/avr32/drivers/aes/aes.o
                0x80008306                aes_read_outputdata
 *fill*         0x8000839e        0x2 d703d703
 .text.smc_init
                0x800083a0      0x2c4 src/asf/avr32/drivers/ebi/smc/smc.o
                0x800083a0                smc_init
 .text.smc_enable_muxed_pins
                0x80008664       0x1c src/asf/avr32/drivers/ebi/smc/smc.o
 .text.flashc_set_wait_state
                0x80008680       0x46 src/asf/avr32/drivers/flashc/flashc.o
                0x80008680                flashc_set_wait_state
 *fill*         0x800086c6        0x2 d703d703
 .text.flashc_set_bus_freq
                0x800086c8       0x38 src/asf/avr32/drivers/flashc/flashc.o
                0x800086c8                flashc_set_bus_freq
 .text.flashc_is_ready
                0x80008700       0x18 src/asf/avr32/drivers/flashc/flashc.o
                0x80008700                flashc_is_ready
 .text.flashc_default_wait_until_ready
                0x80008718       0x1c src/asf/avr32/drivers/flashc/flashc.o
                0x80008718                flashc_default_wait_until_ready
 .text.flashc_get_error_status
                0x80008734       0x16 src/asf/avr32/drivers/flashc/flashc.o
 *fill*         0x8000874a        0x2 d703d703
 .text.flashc_issue_command
                0x8000874c       0x88 src/asf/avr32/drivers/flashc/flashc.o
                0x8000874c                flashc_issue_command
 .text.flashc_clear_page_buffer
                0x800087d4       0x18 src/asf/avr32/drivers/flashc/flashc.o
                0x800087d4                flashc_clear_page_buffer
 .text.flashc_is_page_erased
                0x800087ec       0x1a src/asf/avr32/drivers/flashc/flashc.o
                0x800087ec                flashc_is_page_erased
 *fill*         0x80008806        0x2 d703d703
 .text.flashc_quick_page_read
                0x80008808       0x2c src/asf/avr32/drivers/flashc/flashc.o
                0x80008808                flashc_quick_page_read
 .text.flashc_erase_page
                0x80008834       0x68 src/asf/avr32/drivers/flashc/flashc.o
                0x80008834                flashc_erase_page
 .text.flashc_write_page
                0x8000889c       0x20 src/asf/avr32/drivers/flashc/flashc.o
                0x8000889c                flashc_write_page
 .text.flashc_quick_user_page_read
                0x800088bc       0x24 src/asf/avr32/drivers/flashc/flashc.o
                0x800088bc                flashc_quick_user_page_read
 .text.flashc_erase_user_page
                0x800088e0       0x3c src/asf/avr32/drivers/flashc/flashc.o
                0x800088e0                flashc_erase_user_page
 .text.flashc_write_user_page
                0x8000891c       0x18 src/asf/avr32/drivers/flashc/flashc.o
                0x8000891c                flashc_write_user_page
 .text.flashc_memcpy
                0x80008934      0x1b0 src/asf/avr32/drivers/flashc/flashc.o
                0x80008934                flashc_memcpy
 .text.gpio_enable_module
                0x80008ae4       0x74 src/asf/avr32/drivers/gpio/gpio.o
                0x80008ae4                gpio_enable_module
 .text.gpio_enable_module_pin
                0x80008b58      0x110 src/asf/avr32/drivers/gpio/gpio.o
                0x80008b58                gpio_enable_module_pin
 .text.gpio_enable_gpio_pin
                0x80008c68       0x50 src/asf/avr32/drivers/gpio/gpio.o
                0x80008c68                gpio_enable_gpio_pin
 .text.gpio_enable_pin_pull_up
                0x80008cb8       0x3a src/asf/avr32/drivers/gpio/gpio.o
                0x80008cb8                gpio_enable_pin_pull_up
 .text.gpio_configure_pin
                0x80008cf2      0x1ae src/asf/avr32/drivers/gpio/gpio.o
                0x80008cf2                gpio_configure_pin
 .text.gpio_get_pin_value
                0x80008ea0       0x3a src/asf/avr32/drivers/gpio/gpio.o
                0x80008ea0                gpio_get_pin_value
 .text.gpio_set_gpio_pin
                0x80008eda       0x68 src/asf/avr32/drivers/gpio/gpio.o
                0x80008eda                gpio_set_gpio_pin
 .text.gpio_clr_gpio_pin
                0x80008f42       0x68 src/asf/avr32/drivers/gpio/gpio.o
                0x80008f42                gpio_clr_gpio_pin
 .text.gpio_tgl_gpio_pin
                0x80008faa       0x68 src/asf/avr32/drivers/gpio/gpio.o
                0x80008faa                gpio_tgl_gpio_pin
 .text._unhandled_interrupt
                0x80009012        0x8 src/asf/avr32/drivers/intc/intc.o
 *fill*         0x8000901a        0x2 d703d703
 .text._get_interrupt_handler
                0x8000901c       0x70 src/asf/avr32/drivers/intc/intc.o
                0x8000901c                _get_interrupt_handler
 .text.INTC_init_evba
                0x8000908c       0x14 src/asf/avr32/drivers/intc/intc.o
 .text.INTC_init_interrupts
                0x800090a0       0x98 src/asf/avr32/drivers/intc/intc.o
                0x800090a0                INTC_init_interrupts
 .text.INTC_register_interrupt
                0x80009138       0xd4 src/asf/avr32/drivers/intc/intc.o
                0x80009138                INTC_register_interrupt
 .text.mci_reset
                0x8000920c       0x1c src/asf/avr32/drivers/mci/mci.o
                0x8000920c                mci_reset
 .text.mci_disable
                0x80009228       0x1a src/asf/avr32/drivers/mci/mci.o
                0x80009228                mci_disable
 .text.mci_enable
                0x80009242       0x1a src/asf/avr32/drivers/mci/mci.o
                0x80009242                mci_enable
 .text.mci_set_speed
                0x8000925c       0xe2 src/asf/avr32/drivers/mci/mci.o
                0x8000925c                mci_set_speed
 *fill*         0x8000933e        0x2 d703d703
 .text.mci_init
                0x80009340       0xb4 src/asf/avr32/drivers/mci/mci.o
                0x80009340                mci_init
 .text.mci_set_block_size
                0x800093f4       0x4a src/asf/avr32/drivers/mci/mci.o
                0x800093f4                mci_set_block_size
 .text.mci_set_block_count
                0x8000943e       0x34 src/asf/avr32/drivers/mci/mci.o
                0x8000943e                mci_set_block_count
 *fill*         0x80009472        0x2 d703d703
 .text.mci_send_cmd
                0x80009474       0xd8 src/asf/avr32/drivers/mci/mci.o
                0x80009474                mci_send_cmd
 .text.mci_set_bus_size
                0x8000954c       0x60 src/asf/avr32/drivers/mci/mci.o
                0x8000954c                mci_set_bus_size
 .text.mci_read_response
                0x800095ac       0x1a src/asf/avr32/drivers/mci/mci.o
                0x800095ac                mci_read_response
 *fill*         0x800095c6        0x2 d703d703
 .text.mci_wait_busy_signal
                0x800095c8       0x44 src/asf/avr32/drivers/mci/mci.o
                0x800095c8                mci_wait_busy_signal
 .text.mci_select_card
                0x8000960c       0x4c src/asf/avr32/drivers/mci/mci.o
                0x8000960c                mci_select_card
 .text.cpu_irq_is_enabled_flags
                0x80009658       0x20 src/asf/avr32/drivers/tc/tc.o
 .text.tc_configure_interrupts
                0x80009678      0x1e8 src/asf/avr32/drivers/tc/tc.o
                0x80009678                tc_configure_interrupts
 .text.tc_init_waveform
                0x80009860      0x154 src/asf/avr32/drivers/tc/tc.o
                0x80009860                tc_init_waveform
 .text.tc_start
                0x800099b4       0x3a src/asf/avr32/drivers/tc/tc.o
                0x800099b4                tc_start
 .text.tc_read_sr
                0x800099ee       0x3a src/asf/avr32/drivers/tc/tc.o
                0x800099ee                tc_read_sr
 .text.tc_write_rc
                0x80009a28       0x78 src/asf/avr32/drivers/tc/tc.o
                0x80009a28                tc_write_rc
 .text.cpu_irq_save
                0x80009aa0       0x1e src/asf/avr32/drivers/usbb/usbb_device.o
 .text.cpu_irq_restore
                0x80009abe       0x1a src/asf/avr32/drivers/usbb/usbb_device.o
 .text.sleepmgr_lock_mode
                0x80009ad8       0x44 src/asf/avr32/drivers/usbb/usbb_device.o
 .text.sleepmgr_unlock_mode
                0x80009b1c       0x44 src/asf/avr32/drivers/usbb/usbb_device.o
 .text.udd_sleep_mode
                0x80009b60       0x60 src/asf/avr32/drivers/usbb/usbb_device.o
 .text.udd_interrupt
                0x80009bc0      0x1a8 src/asf/avr32/drivers/usbb/usbb_device.o
 .text.udd_include_vbus_monitoring
                0x80009d68        0xe src/asf/avr32/drivers/usbb/usbb_device.o
                0x80009d68                udd_include_vbus_monitoring
 *fill*         0x80009d76        0x2 d703d703
 .text.udd_enable
                0x80009d78      0x120 src/asf/avr32/drivers/usbb/usbb_device.o
                0x80009d78                udd_enable
 .text.udd_attach
                0x80009e98       0xac src/asf/avr32/drivers/usbb/usbb_device.o
                0x80009e98                udd_attach
 .text.udd_detach
                0x80009f44       0x40 src/asf/avr32/drivers/usbb/usbb_device.o
                0x80009f44                udd_detach
 .text.udd_is_high_speed
                0x80009f84       0x1c src/asf/avr32/drivers/usbb/usbb_device.o
                0x80009f84                udd_is_high_speed
 .text.udd_set_address
                0x80009fa0       0x4e src/asf/avr32/drivers/usbb/usbb_device.o
                0x80009fa0                udd_set_address
 .text.udd_getaddress
                0x80009fee       0x18 src/asf/avr32/drivers/usbb/usbb_device.o
                0x80009fee                udd_getaddress
 .text.udd_get_frame_number
                0x8000a006       0x1a src/asf/avr32/drivers/usbb/usbb_device.o
                0x8000a006                udd_get_frame_number
 .text.udd_set_setup_payload
                0x8000a020       0x2c src/asf/avr32/drivers/usbb/usbb_device.o
                0x8000a020                udd_set_setup_payload
 .text.udd_ep_alloc
                0x8000a04c      0x350 src/asf/avr32/drivers/usbb/usbb_device.o
                0x8000a04c                udd_ep_alloc
 .text.udd_ep_free
                0x8000a39c       0x9c src/asf/avr32/drivers/usbb/usbb_device.o
                0x8000a39c                udd_ep_free
 .text.udd_ep_is_halted
                0x8000a438       0x2e src/asf/avr32/drivers/usbb/usbb_device.o
                0x8000a438                udd_ep_is_halted
 *fill*         0x8000a466        0x2 d703d703
 .text.udd_ep_set_halt
                0x8000a468      0x114 src/asf/avr32/drivers/usbb/usbb_device.o
                0x8000a468                udd_ep_set_halt
 .text.udd_ep_clear_halt
                0x8000a57c      0x140 src/asf/avr32/drivers/usbb/usbb_device.o
                0x8000a57c                udd_ep_clear_halt
 .text.udd_ep_run
                0x8000a6bc      0x124 src/asf/avr32/drivers/usbb/usbb_device.o
                0x8000a6bc                udd_ep_run
 .text.udd_ep_abort
                0x8000a7e0       0x9c src/asf/avr32/drivers/usbb/usbb_device.o
                0x8000a7e0                udd_ep_abort
 .text.udd_ep_wait_stall_clear
                0x8000a87c       0xc4 src/asf/avr32/drivers/usbb/usbb_device.o
                0x8000a87c                udd_ep_wait_stall_clear
 .text.udd_test_mode_j
                0x8000a940       0x2a src/asf/avr32/drivers/usbb/usbb_device.o
                0x8000a940                udd_test_mode_j
 .text.udd_test_mode_k
                0x8000a96a       0x2a src/asf/avr32/drivers/usbb/usbb_device.o
                0x8000a96a                udd_test_mode_k
 .text.udd_test_mode_se0_nak
                0x8000a994       0x1c src/asf/avr32/drivers/usbb/usbb_device.o
                0x8000a994                udd_test_mode_se0_nak
 .text.udd_test_mode_packet
                0x8000a9b0      0x184 src/asf/avr32/drivers/usbb/usbb_device.o
                0x8000a9b0                udd_test_mode_packet
 .text.udd_reset_ep_ctrl
                0x8000ab34       0xe4 src/asf/avr32/drivers/usbb/usbb_device.o
 .text.udd_ctrl_init
                0x8000ac18       0x58 src/asf/avr32/drivers/usbb/usbb_device.o
 .text.udd_ctrl_setup_received
                0x8000ac70      0x164 src/asf/avr32/drivers/usbb/usbb_device.o
 .text.udd_ctrl_in_sent
                0x8000add4      0x1a0 src/asf/avr32/drivers/usbb/usbb_device.o
 .text.udd_ctrl_out_received
                0x8000af74      0x1f4 src/asf/avr32/drivers/usbb/usbb_device.o
 .text.udd_ctrl_underflow
                0x8000b168       0x44 src/asf/avr32/drivers/usbb/usbb_device.o
 .text.udd_ctrl_overflow
                0x8000b1ac       0x34 src/asf/avr32/drivers/usbb/usbb_device.o
 .text.udd_ctrl_stall_data
                0x8000b1e0       0x20 src/asf/avr32/drivers/usbb/usbb_device.o
 .text.udd_ctrl_send_zlp_in
                0x8000b200       0x54 src/asf/avr32/drivers/usbb/usbb_device.o
 .text.udd_ctrl_send_zlp_out
                0x8000b254       0x44 src/asf/avr32/drivers/usbb/usbb_device.o
 .text.udd_ctrl_endofrequest
                0x8000b298       0x1c src/asf/avr32/drivers/usbb/usbb_device.o
 .text.udd_ctrl_interrupt
                0x8000b2b4       0xc8 src/asf/avr32/drivers/usbb/usbb_device.o
 .text.udd_ep_job_table_reset
                0x8000b37c       0x6c src/asf/avr32/drivers/usbb/usbb_device.o
 .text.udd_ep_job_table_kill
                0x8000b3e8       0x5c src/asf/avr32/drivers/usbb/usbb_device.o
 .text.udd_ep_abort_job
                0x8000b444       0x4c src/asf/avr32/drivers/usbb/usbb_device.o
 .text.udd_ep_finish_job
                0x8000b490       0x84 src/asf/avr32/drivers/usbb/usbb_device.o
 .text.udd_ep_trans_done
                0x8000b514      0x254 src/asf/avr32/drivers/usbb/usbb_device.o
 .text.udd_ep_interrupt
                0x8000b768      0x214 src/asf/avr32/drivers/usbb/usbb_device.o
 .text._stext   0x8000b97c       0x40 src/asf/avr32/utils/startup/startup_uc3.o
                                 0x50 (size before relaxing)
                0x8000b97c                _stext
 .text.cpu_irq_save
                0x8000b9bc       0x1e src/asf/common/services/clock/uc3a3_a4/sysclk.o
 .text.cpu_irq_restore
                0x8000b9da       0x1a src/asf/common/services/clock/uc3a3_a4/sysclk.o
 .text.osc_enable
                0x8000b9f4       0xc0 src/asf/common/services/clock/uc3a3_a4/sysclk.o
 .text.osc_is_ready
                0x8000bab4       0x58 src/asf/common/services/clock/uc3a3_a4/sysclk.o
 .text.osc_get_rate
                0x8000bb0c       0x42 src/asf/common/services/clock/uc3a3_a4/sysclk.o
 *fill*         0x8000bb4e        0x2 d703d703
 .text.osc_wait_ready
                0x8000bb50       0x2c src/asf/common/services/clock/uc3a3_a4/sysclk.o
 .text.pll_config_set_option
                0x8000bb7c       0x30 src/asf/common/services/clock/uc3a3_a4/sysclk.o
 .text.pll_config_init
                0x8000bbac       0xe0 src/asf/common/services/clock/uc3a3_a4/sysclk.o
 .text.pll_enable
                0x8000bc8c       0x2c src/asf/common/services/clock/uc3a3_a4/sysclk.o
 .text.pll_is_locked
                0x8000bcb8       0x2c src/asf/common/services/clock/uc3a3_a4/sysclk.o
 .text.pll_enable_source
                0x8000bce4       0x6c src/asf/common/services/clock/uc3a3_a4/sysclk.o
 .text.pll_enable_config_defaults
                0x8000bd50       0x74 src/asf/common/services/clock/uc3a3_a4/sysclk.o
 .text.genclk_config_defaults
                0x8000bdc4       0x1e src/asf/common/services/clock/uc3a3_a4/sysclk.o
 .text.genclk_config_set_source
                0x8000bde2       0x36 src/asf/common/services/clock/uc3a3_a4/sysclk.o
 .text.genclk_config_set_divider
                0x8000be18       0x5c src/asf/common/services/clock/uc3a3_a4/sysclk.o
 .text.genclk_enable
                0x8000be74       0x2c src/asf/common/services/clock/uc3a3_a4/sysclk.o
 .text.genclk_enable_source
                0x8000bea0       0x7c src/asf/common/services/clock/uc3a3_a4/sysclk.o
 .text.genclk_enable_config
                0x8000bf1c       0x70 src/asf/common/services/clock/uc3a3_a4/sysclk.o
 .text.sysclk_get_main_hz
                0x8000bf8c       0x24 src/asf/common/services/clock/uc3a3_a4/sysclk.o
 .text.sysclk_get_cpu_hz
                0x8000bfb0       0x18 src/asf/common/services/clock/uc3a3_a4/sysclk.o
 .text.sysclk_enable_hsb_module
                0x8000bfc8       0x20 src/asf/common/services/clock/uc3a3_a4/sysclk.o
 .text.sysclk_set_source
                0x8000bfe8       0x54 src/asf/common/services/clock/uc3a3_a4/sysclk.o
 .text.sysclk_priv_enable_module
                0x8000c03c       0x74 src/asf/common/services/clock/uc3a3_a4/sysclk.o
                0x8000c03c                sysclk_priv_enable_module
 .text.sysclk_enable_pbb_module
                0x8000c0b0       0x88 src/asf/common/services/clock/uc3a3_a4/sysclk.o
                0x8000c0b0                sysclk_enable_pbb_module
 .text.sysclk_enable_usb
                0x8000c138       0x2c src/asf/common/services/clock/uc3a3_a4/sysclk.o
                0x8000c138                sysclk_enable_usb
 .text.sysclk_init
                0x8000c164       0x34 src/asf/common/services/clock/uc3a3_a4/sysclk.o
                0x8000c164                sysclk_init
 .text          0x8000c198       0x28 src/asf/common/services/storage/ctrl_access/ctrl_access.o
 .text.get_nb_lun
                0x8000c1c0        0xe src/asf/common/services/storage/ctrl_access/ctrl_access.o
                0x8000c1c0                get_nb_lun
 *fill*         0x8000c1ce        0x2 d703d703
 .text.mem_test_unit_ready
                0x8000c1d0       0x4c src/asf/common/services/storage/ctrl_access/ctrl_access.o
                0x8000c1d0                mem_test_unit_ready
 .text.mem_read_capacity
                0x8000c21c       0x54 src/asf/common/services/storage/ctrl_access/ctrl_access.o
                0x8000c21c                mem_read_capacity
 .text.mem_wr_protect
                0x8000c270       0x50 src/asf/common/services/storage/ctrl_access/ctrl_access.o
                0x8000c270                mem_wr_protect
 .text.mem_name
                0x8000c2c0       0x44 src/asf/common/services/storage/ctrl_access/ctrl_access.o
                0x8000c2c0                mem_name
 .text.memory_2_usb
                0x8000c304       0x74 src/asf/common/services/storage/ctrl_access/ctrl_access.o
                0x8000c304                memory_2_usb
 .text.usb_2_memory
                0x8000c378       0x74 src/asf/common/services/storage/ctrl_access/ctrl_access.o
                0x8000c378                usb_2_memory
 .text.ui_init  0x8000c3ec       0x20 src/asf/common/services/usb/class/msc/device/example/at32uc3a3256_evk1104/ui.o
                0x8000c3ec                ui_init
 .text.ui_powerdown
                0x8000c40c       0x1c src/asf/common/services/usb/class/msc/device/example/at32uc3a3256_evk1104/ui.o
                0x8000c40c                ui_powerdown
 .text.ui_wakeup
                0x8000c428       0x14 src/asf/common/services/usb/class/msc/device/example/at32uc3a3256_evk1104/ui.o
                0x8000c428                ui_wakeup
 .text.ui_start_read
                0x8000c43c       0x14 src/asf/common/services/usb/class/msc/device/example/at32uc3a3256_evk1104/ui.o
                0x8000c43c                ui_start_read
 .text.ui_stop_read
                0x8000c450       0x14 src/asf/common/services/usb/class/msc/device/example/at32uc3a3256_evk1104/ui.o
                0x8000c450                ui_stop_read
 .text.ui_start_write
                0x8000c464       0x14 src/asf/common/services/usb/class/msc/device/example/at32uc3a3256_evk1104/ui.o
                0x8000c464                ui_start_write
 .text.ui_stop_write
                0x8000c478       0x14 src/asf/common/services/usb/class/msc/device/example/at32uc3a3256_evk1104/ui.o
                0x8000c478                ui_stop_write
 .text.ui_process
                0x8000c48c       0x78 src/asf/common/services/usb/class/msc/device/example/at32uc3a3256_evk1104/ui.o
                0x8000c48c                ui_process
 .text.udi_msc_enable
                0x8000c504       0x6c src/asf/common/services/usb/class/msc/device/udi_msc.o
                0x8000c504                udi_msc_enable
 .text.udi_msc_disable
                0x8000c570       0x1c src/asf/common/services/usb/class/msc/device/udi_msc.o
                0x8000c570                udi_msc_disable
 .text.udi_msc_setup
                0x8000c58c       0xd8 src/asf/common/services/usb/class/msc/device/udi_msc.o
                0x8000c58c                udi_msc_setup
 .text.udi_msc_getsetting
                0x8000c664        0xe src/asf/common/services/usb/class/msc/device/udi_msc.o
                0x8000c664                udi_msc_getsetting
 *fill*         0x8000c672        0x2 d703d703
 .text.udi_msc_cbw_invalid
                0x8000c674       0x38 src/asf/common/services/usb/class/msc/device/udi_msc.o
 .text.udi_msc_csw_invalid
                0x8000c6ac       0x3c src/asf/common/services/usb/class/msc/device/udi_msc.o
 .text.udi_msc_cbw_wait
                0x8000c6e8       0x3c src/asf/common/services/usb/class/msc/device/udi_msc.o
 .text.udi_msc_cbw_received
                0x8000c724      0x12c src/asf/common/services/usb/class/msc/device/udi_msc.o
 .text.udi_msc_cbw_validate
                0x8000c850       0x60 src/asf/common/services/usb/class/msc/device/udi_msc.o
 .text.udi_msc_data_send
                0x8000c8b0       0x50 src/asf/common/services/usb/class/msc/device/udi_msc.o
 .text.udi_msc_data_sent
                0x8000c900       0x4c src/asf/common/services/usb/class/msc/device/udi_msc.o
 .text.udi_msc_csw_process
                0x8000c94c       0x5c src/asf/common/services/usb/class/msc/device/udi_msc.o
 .text.udi_msc_csw_send
                0x8000c9a8       0x44 src/asf/common/services/usb/class/msc/device/udi_msc.o
                0x8000c9a8                udi_msc_csw_send
 .text.udi_msc_csw_sent
                0x8000c9ec       0x24 src/asf/common/services/usb/class/msc/device/udi_msc.o
 .text.udi_msc_clear_sense
                0x8000ca10       0x28 src/asf/common/services/usb/class/msc/device/udi_msc.o
 .text.udi_msc_sense_fail
                0x8000ca38       0x88 src/asf/common/services/usb/class/msc/device/udi_msc.o
 .text.udi_msc_sense_pass
                0x8000cac0       0x20 src/asf/common/services/usb/class/msc/device/udi_msc.o
 .text.udi_msc_sense_fail_not_present
                0x8000cae0       0x1c src/asf/common/services/usb/class/msc/device/udi_msc.o
 .text.udi_msc_sense_fail_busy_or_change
                0x8000cafc       0x1c src/asf/common/services/usb/class/msc/device/udi_msc.o
 .text.udi_msc_sense_fail_hardware
                0x8000cb18       0x18 src/asf/common/services/usb/class/msc/device/udi_msc.o
 .text.udi_msc_sense_fail_protected
                0x8000cb30       0x1c src/asf/common/services/usb/class/msc/device/udi_msc.o
 .text.udi_msc_sense_fail_cdb_invalid
                0x8000cb4c       0x1c src/asf/common/services/usb/class/msc/device/udi_msc.o
 .text.udi_msc_sense_command_invalid
                0x8000cb68       0x1c src/asf/common/services/usb/class/msc/device/udi_msc.o
 .text.udi_msc_spc_requestsense
                0x8000cb84       0x64 src/asf/common/services/usb/class/msc/device/udi_msc.o
 .text.udi_msc_spc_inquiry
                0x8000cbe8      0x120 src/asf/common/services/usb/class/msc/device/udi_msc.o
 .text.udi_msc_spc_testunitready_global
                0x8000cd08       0x50 src/asf/common/services/usb/class/msc/device/udi_msc.o
 .text.udi_msc_spc_testunitready
                0x8000cd58       0x28 src/asf/common/services/usb/class/msc/device/udi_msc.o
 .text.udi_msc_spc_mode_sense
                0x8000cd80      0x150 src/asf/common/services/usb/class/msc/device/udi_msc.o
 .text.udi_msc_sbc_read_capacity
                0x8000ced0       0x9c src/asf/common/services/usb/class/msc/device/udi_msc.o
 .text.udi_msc_sbc_trans
                0x8000cf6c       0xf4 src/asf/common/services/usb/class/msc/device/udi_msc.o
 .text.udi_msc_process_trans
                0x8000d060       0xcc src/asf/common/services/usb/class/msc/device/udi_msc.o
                0x8000d060                udi_msc_process_trans
 .text.udi_msc_trans_ack
                0x8000d12c       0x38 src/asf/common/services/usb/class/msc/device/udi_msc.o
 .text.udi_msc_trans_block
                0x8000d164       0xe4 src/asf/common/services/usb/class/msc/device/udi_msc.o
                0x8000d164                udi_msc_trans_block
 .text          0x8000d248       0x10 src/asf/common/services/usb/udc/udc.o
 .text.udc_get_string_serial_name
                0x8000d258       0x14 src/asf/common/services/usb/udc/udc.o
 .text.udc_get_eof_conf
                0x8000d26c       0x34 src/asf/common/services/usb/udc/udc.o
 .text.udc_next_desc_in_iface
                0x8000d2a0       0x88 src/asf/common/services/usb/udc/udc.o
 .text.udc_update_iface_desc
                0x8000d328       0xb8 src/asf/common/services/usb/udc/udc.o
 .text.udc_iface_disable
                0x8000d3e0       0xbc src/asf/common/services/usb/udc/udc.o
 .text.udc_iface_enable
                0x8000d49c       0xc8 src/asf/common/services/usb/udc/udc.o
 .text.udc_start
                0x8000d564       0x14 src/asf/common/services/usb/udc/udc.o
                0x8000d564                udc_start
 .text.udc_reset
                0x8000d578       0x64 src/asf/common/services/usb/udc/udc.o
                0x8000d578                udc_reset
 .text.udc_sof_notify
                0x8000d5dc       0x70 src/asf/common/services/usb/udc/udc.o
                0x8000d5dc                udc_sof_notify
 .text.udc_req_std_dev_get_status
                0x8000d64c       0x34 src/asf/common/services/usb/udc/udc.o
 .text.udc_req_std_ep_get_status
                0x8000d680       0x58 src/asf/common/services/usb/udc/udc.o
 .text.udc_req_std_dev_clear_feature
                0x8000d6d8       0x40 src/asf/common/services/usb/udc/udc.o
 .text.udc_req_std_ep_clear_feature
                0x8000d718       0x3c src/asf/common/services/usb/udc/udc.o
 .text.udc_req_std_dev_set_feature
                0x8000d754       0xbc src/asf/common/services/usb/udc/udc.o
 .text.udc_req_std_ep_set_feature
                0x8000d810       0x4c src/asf/common/services/usb/udc/udc.o
 .text.udc_valid_address
                0x8000d85c       0x24 src/asf/common/services/usb/udc/udc.o
 .text.udc_req_std_dev_set_address
                0x8000d880       0x28 src/asf/common/services/usb/udc/udc.o
 .text.udc_req_std_dev_get_str_desc
                0x8000d8a8      0x100 src/asf/common/services/usb/udc/udc.o
 .text.udc_req_std_dev_get_descriptor
                0x8000d9a8      0x25c src/asf/common/services/usb/udc/udc.o
 .text.udc_req_std_dev_get_configuration
                0x8000dc04       0x34 src/asf/common/services/usb/udc/udc.o
 .text.udc_req_std_dev_set_configuration
                0x8000dc38      0x118 src/asf/common/services/usb/udc/udc.o
 .text.udc_req_std_iface_get_setting
                0x8000dd50       0xac src/asf/common/services/usb/udc/udc.o
 .text.udc_req_std_iface_set_setting
                0x8000ddfc       0x74 src/asf/common/services/usb/udc/udc.o
 .text.udc_reqstd
                0x8000de70      0x154 src/asf/common/services/usb/udc/udc.o
 .text.udc_req_iface
                0x8000dfc4       0xac src/asf/common/services/usb/udc/udc.o
 .text.udc_process_setup
                0x8000e070       0x78 src/asf/common/services/usb/udc/udc.o
                0x8000e070                udc_process_setup
 .text.pm_sleep
                0x8000e0e8       0xa8 src/main.o
 .text.sleepmgr_sleep
                0x8000e190       0x28 src/main.o
 .text.sleepmgr_init
                0x8000e1b8       0x44 src/main.o
 .text.sleepmgr_get_sleep_mode
                0x8000e1fc       0x44 src/main.o
 .text.sleepmgr_enter_sleep
                0x8000e240       0x38 src/main.o
 .text.udc_include_vbus_monitoring
                0x8000e278       0x18 src/main.o
 .text.udc_attach
                0x8000e290       0x14 src/main.o
 .text.udc_detach
                0x8000e2a4       0x14 src/main.o
 .text.main     0x8000e2b8      0x110 src/main.o
                0x8000e2b8                main
 .text.main_vbus_action
                0x8000e3c8       0x34 src/main.o
                0x8000e3c8                main_vbus_action
 .text.main_suspend_action
                0x8000e3fc       0x14 src/main.o
                0x8000e3fc                main_suspend_action
 .text.main_resume_action
                0x8000e410       0x14 src/main.o
                0x8000e410                main_resume_action
 .text.main_sof_action
                0x8000e424       0x38 src/main.o
                0x8000e424                main_sof_action
 .text.main_msc_enable
                0x8000e45c       0x18 src/main.o
                0x8000e45c                main_msc_enable
 .text.main_msc_disable
                0x8000e474       0x14 src/main.o
                0x8000e474                main_msc_disable
 .text.osc_get_rate
                0x8000e488       0x42 src/memories_initialization_uc3.o
 *fill*         0x8000e4ca        0x2 d703d703
 .text.sysclk_get_main_hz
                0x8000e4cc       0x24 src/memories_initialization_uc3.o
 .text.sysclk_get_cpu_hz
                0x8000e4f0       0x18 src/memories_initialization_uc3.o
 .text.sysclk_get_pbb_hz
                0x8000e508       0x18 src/memories_initialization_uc3.o
 .text.sysclk_enable_hsb_module
                0x8000e520       0x20 src/memories_initialization_uc3.o
 .text.memories_initialization
                0x8000e540      0x124 src/memories_initialization_uc3.o
                0x8000e540                memories_initialization
 .text          0x8000e664      0x292 c:/program files/atmel/atmel studio 6.0/extensions/atmel/avrgcc/3.4.0.65/avrtoolchain/bin/../lib/gcc/avr32/4.4.3/ucr2\libgcc.a(_udivdi3.o)
                0x8000e664                __avr32_udiv64
                0x8000e664                __udivdi3
 .text          0x8000e8f6      0x148 c:/program files/atmel/atmel studio 6.0/extensions/atmel/avrgcc/3.4.0.65/avrtoolchain/bin/../lib/gcc/avr32/4.4.3/../../../../avr32/lib/ucr2\libc.a(lib_a-memcpy.o)
                0x8000e8f6                memcpy
 .text.memset   0x8000ea3e        0xe c:/program files/atmel/atmel studio 6.0/extensions/atmel/avrgcc/3.4.0.65/avrtoolchain/bin/../lib/gcc/avr32/4.4.3/../../../../avr32/lib/ucr2\libc.a(lib_a-memset.o)
                0x8000ea3e                memset
 *(.text.*personality*)
 *(.gnu.warning)

.exception      0x8000ec00      0x200
 .exception     0x8000ec00      0x200 src/asf/avr32/drivers/intc/exception.o
                0x8000ec00                _evba
                0x8000ed04                _int0
                0x8000ed12                _int1
                0x8000ed20                _int2
                0x8000ed2e                _int3

.fini
 *(.fini)
                0x8000ee00                PROVIDE (__etext, .)
                0x8000ee00                PROVIDE (_etext, .)
                0x8000ee00                PROVIDE (etext, .)

.rodata         0x8000ee00      0x7c8
 *(.rodata .rodata.* .gnu.linkonce.r.*)
 .rodata.CipherKey256
                0x8000ee00       0x20 src/cryptX2/sha256.o
                0x8000ee00                CipherKey256
 .rodata.Initial_Hash
                0x8000ee20       0x20 src/cryptX2/sha256.o
                0x8000ee20                Initial_Hash
 .rodata.Hash_Constant
                0x8000ee40      0x100 src/cryptX2/sha256.o
                0x8000ee40                Hash_Constant
 .rodata.waveform_opt.14416
                0x8000ef40        0x8 src/tc_task.o
 .rodata.tc_interrupt.14417
                0x8000ef48        0x4 src/tc_task.o
 .rodata.AT45DBX_SPI_GPIO_MAP.13156
                0x8000ef4c        0x8 src/asf/avr32/boards/evk1104/init.o
 .rodata.SD_MMC_MCI_GPIO_MAP.13157
                0x8000ef54       0x14 src/asf/avr32/boards/evk1104/init.o
 .rodata.SD_MMC_MCI_GPIO_MAP_1.13158
                0x8000ef68        0xc src/asf/avr32/boards/evk1104/init.o
 .rodata.LED_DESCRIPTOR
                0x8000ef74       0x40 src/asf/avr32/boards/evk1104/led.o
 .rodata.FONT6x8
                0x8000efb4      0x308 src/asf/avr32/components/display/et024006dhu/et024006dhu.o
                0x8000efb4                FONT6x8
 .rodata.C.51.14862
                0x8000f2bc        0x8 src/asf/avr32/components/memory/sd_mmc/sd_mmc_mci/sd_mmc_mci.o
 .rodata.C.52.14863
                0x8000f2c4       0x10 src/asf/avr32/components/memory/sd_mmc/sd_mmc_mci/sd_mmc_mci.o
 .rodata.SMC_EBI_GPIO_MAP.13234
                0x8000f2d4       0x28 src/asf/avr32/drivers/ebi/smc/smc.o
 .rodata._int_handler_table
                0x8000f2fc       0xf0 src/asf/avr32/drivers/intc/intc.o
 .rodata.C.68.15029
                0x8000f3ec       0x38 src/asf/avr32/drivers/usbb/usbb_device.o
 .rodata.lun_desc
                0x8000f424       0x38 src/asf/common/services/storage/ctrl_access/ctrl_access.o
 .rodata.udi_msc_cbw_received
                0x8000f45c      0x16c src/asf/common/services/usb/class/msc/device/udi_msc.o

.rodata1
 *(.rodata1)

.eh_frame_hdr
 *(.eh_frame_hdr)

.eh_frame
 *(.eh_frame)

.gcc_except_table
 *(.gcc_except_table)
 *(.gcc_except_table.*)

.lalign         0x8000f5c8        0x0
                0x8000f5c8                . = ALIGN (0x8)
                0x8000f5c8                PROVIDE (_data_lma, .)
                0x00000004                . = ORIGIN (INTRAM)

.dalign         0x00000004        0x4
                0x00000008                . = ALIGN (0x8)
 *fill*         0x00000004        0x4 00
                0x00000008                PROVIDE (_data, .)

.eh_frame
 *(.eh_frame)

.gcc_except_table
 *(.gcc_except_table)
 *(.gcc_except_table.*)

.tdata
 *(.tdata .tdata.* .gnu.linkonce.td.*)

.tbss
 *(.tbss .tbss.* .gnu.linkonce.tb.*)
 *(.tcommon)
                0x00000008                PROVIDE (__preinit_array_start, ALIGN (0x4))

.preinit_array
 *(.preinit_array)
                0x00000008                PROVIDE (__preinit_array_end, .)
                0x00000008                PROVIDE (__init_array_start, .)

.init_array
 *(.init_array)
                0x00000008                PROVIDE (__init_array_end, .)
                0x00000008                PROVIDE (__fini_array_start, .)

.fini_array
 *(.fini_array)
                0x00000008                PROVIDE (__fini_array_end, .)

.ctors
 *crtbegin*.o(.ctors)
 *(EXCLUDE_FILE(*crtend*.o) .ctors)
 *(SORT(.ctors.*))
 *(.ctors)

.dtors
 *crtbegin*.o(.dtors)
 *(EXCLUDE_FILE(*crtend*.o) .dtors)
 *(SORT(.dtors.*))
 *(.dtors)

.jcr
 *(.jcr)

.data.rel.ro
 *(.data.rel.ro.local)
 *(.data.rel.ro*)

.dynamic
 *(.dynamic)

.got
 *(.got.plt)
 *(.got)

.ramtext
 *(.ramtext .ramtext.*)

.ddalign        0x00000008        0x0 load address 0x8000f5c8
                0x00000008                . = ALIGN (0x8)

.data           0x00000008      0x23c load address 0x8000f5c8
 *(.data .data.* .gnu.linkonce.d.*)
 .data.sha256_h0
                0x00000008       0x20 src/cryptX2/hmac/sha2.o
                0x00000008                sha256_h0
 .data.sha256_k
                0x00000028      0x100 src/cryptX2/hmac/sha2.o
                0x00000028                sha256_k
 .data.var_W    0x00000128        0x4 src/cryptX2/Salt.o
                0x00000128                var_W
 .data.update_timer
                0x0000012c        0x1 src/tc_task.o
 .data.button_released
                0x0000012d        0x1 src/tc_task.o
                0x0000012d                button_released
 .data.mode_chosen
                0x0000012e        0x1 src/tc_task.o
                0x0000012e                mode_chosen
 *fill*         0x0000012f        0x1 00
 .data.LED_State
                0x00000130        0x4 src/asf/avr32/boards/evk1104/led.o
 .data.mci      0x00000134        0x4 src/asf/avr32/components/memory/sd_mmc/sd_mmc_mci/sd_mmc_mci.o
                0x00000134                mci
 .data.sd_mmc_mci_presence_status
                0x00000138        0x4 src/asf/avr32/components/memory/sd_mmc/sd_mmc_mci/sd_mmc_mci_mem.o
 .data.flashc_wait_until_ready
                0x0000013c        0x4 src/asf/avr32/drivers/flashc/flashc.o
                0x0000013c                flashc_wait_until_ready
 .data.udi_api_msc
                0x00000140       0x14 src/asf/common/services/usb/class/msc/device/udi_msc.o
                0x00000140                udi_api_msc
 .data.udi_msc_csw
                0x00000154       0x10 src/asf/common/services/usb/class/msc/device/udi_msc.o
 .data.udi_msc_b_ack_trans
                0x00000164        0x1 src/asf/common/services/usb/class/msc/device/udi_msc.o
                0x00000164                udi_msc_b_ack_trans
 *fill*         0x00000165        0x3 00
 .data.udi_msc_inquiry_data.14016
                0x00000168       0x24 src/asf/common/services/usb/class/msc/device/udi_msc.o
 .data.udc_device_desc
                0x0000018c       0x14 src/asf/common/services/usb/class/msc/device/udi_msc_desc.o
                0x0000018c                udc_device_desc
 .data.udc_device_qual
                0x000001a0        0xc src/asf/common/services/usb/class/msc/device/udi_msc_desc.o
                0x000001a0                udc_device_qual
 .data.udc_desc_fs
                0x000001ac       0x20 src/asf/common/services/usb/class/msc/device/udi_msc_desc.o
                0x000001ac                udc_desc_fs
 .data.udc_desc_hs
                0x000001cc       0x20 src/asf/common/services/usb/class/msc/device/udi_msc_desc.o
                0x000001cc                udc_desc_hs
 .data.udi_apis
                0x000001ec        0x4 src/asf/common/services/usb/class/msc/device/udi_msc_desc.o
                0x000001ec                udi_apis
 .data.udc_config_lsfs
                0x000001f0        0x8 src/asf/common/services/usb/class/msc/device/udi_msc_desc.o
                0x000001f0                udc_config_lsfs
 .data.udc_config_hs
                0x000001f8        0x8 src/asf/common/services/usb/class/msc/device/udi_msc_desc.o
                0x000001f8                udc_config_hs
 .data.udc_config
                0x00000200       0x14 src/asf/common/services/usb/class/msc/device/udi_msc_desc.o
                0x00000200                udc_config
 .data.udc_string_desc_languageid
                0x00000214        0x4 src/asf/common/services/usb/udc/udc.o
 .data.udc_string_manufacturer_name
                0x00000218        0x8 src/asf/common/services/usb/udc/udc.o
 .data.udc_string_product_name
                0x00000220        0x8 src/asf/common/services/usb/udc/udc.o
 .data.udc_string_desc
                0x00000228       0x1c src/asf/common/services/usb/udc/udc.o
 *(.gnu.linkonce.d.*personality*)

.data1
 *(.data1)

.balign         0x00000244        0x4 load address 0x8000f804
                0x00000248                . = ALIGN (0x8)
 *fill*         0x00000244        0x4 00
                0x00000248                PROVIDE (_edata, .)
                0x00000248                PROVIDE (edata, .)
                0x00000248                __bss_start = .

.bss            0x00000248      0xde0
 *(.dynbss)
 *(.bss .bss.* .gnu.linkonce.b.*)
 .bss.temp_password
                0x00000248       0x20 src/cryptX2/Salt.o
                0x00000248                temp_password
 .bss.temp_password1
                0x00000268       0x20 src/cryptX2/Salt.o
                0x00000268                temp_password1
 .bss.device_unlocked
                0x00000288        0x1 src/cryptX2/Salt.o
                0x00000288                device_unlocked
 .bss.passcode_byte_index
                0x00000289        0x1 src/cryptX2/Salt.o
                0x00000289                passcode_byte_index
 *fill*         0x0000028a        0x2 00
 .bss.rseed     0x0000028c        0x4 src/cryptX2/Salt.o
                0x0000028c                rseed
 .bss.var_W_ticks
                0x00000290        0x4 src/cryptX2/Salt.o
                0x00000290                var_W_ticks
 .bss.Padded_Message
                0x00000294       0x40 src/cryptX2/sha256.o
                0x00000294                Padded_Message
 .bss.Message_Schedule_W
                0x000002d4      0x100 src/cryptX2/sha256.o
                0x000002d4                Message_Schedule_W
 .bss.tc_tick   0x000003d4        0x4 src/tc_task.o
 .bss.mode_selected
                0x000003d8        0x1 src/tc_task.o
                0x000003d8                mode_selected
 .bss.normal_mode_password_entered
                0x000003d9        0x1 src/tc_task.o
                0x000003d9                normal_mode_password_entered
 .bss.enter_button_status
                0x000003da        0x1 src/tc_task.o
                0x000003da                enter_button_status
 .bss.normal_mode_chosen
                0x000003db        0x1 src/tc_task.o
                0x000003db                normal_mode_chosen
 .bss.entry_mode_status
                0x000003dc        0x1 src/tc_task.o
                0x000003dc                entry_mode_status
 *fill*         0x000003dd        0x3 00
 .bss.CipherKey256_hash
                0x000003e0       0x20 src/tc_task.o
                0x000003e0                CipherKey256_hash
 .bss.PB1_Counter
                0x00000400        0x1 src/tc_task.o
                0x00000400                PB1_Counter
 .bss.PB2_Counter
                0x00000401        0x1 src/tc_task.o
                0x00000401                PB2_Counter
 .bss.PB3_Counter
                0x00000402        0x1 src/tc_task.o
                0x00000402                PB3_Counter
 .bss.PB4_Counter
                0x00000403        0x1 src/tc_task.o
                0x00000403                PB4_Counter
 .bss.PB5_Counter
                0x00000404        0x1 src/tc_task.o
                0x00000404                PB5_Counter
 .bss.normal_mode_unlock_device_sequence_counter.14283
                0x00000405        0x1 src/tc_task.o
 .bss.normal_mode_device_id_sequence_counter.14282
                0x00000406        0x1 src/tc_task.o
 *fill*         0x00000407        0x1 00
 .bss.programming_mode_sequence_counter.14260
                0x00000408        0x2 src/tc_task.o
 .bss.frame_number.14216
                0x0000040a        0x1 src/tc_task.o
 .bss.button_released_iteration.14150
                0x0000040b        0x1 src/tc_task.o
 .bss.aes_out_data
                0x0000040c      0x200 src/aes_example.o
                0x0000040c                aes_out_data
 .bss.tft_data  0x0000060c        0x8 src/asf/avr32/components/display/et024006dhu/et024006dhu.o
 .bss.sd_mmc_mci_init_done
                0x00000614        0x4 src/asf/avr32/components/memory/sd_mmc/sd_mmc_mci/sd_mmc_mci.o
                0x00000614                sd_mmc_mci_init_done
 .bss.g_pbb_hz  0x00000618        0x4 src/asf/avr32/components/memory/sd_mmc/sd_mmc_mci/sd_mmc_mci.o
 .bss.g_cpu_hz  0x0000061c        0x4 src/asf/avr32/components/memory/sd_mmc/sd_mmc_mci/sd_mmc_mci.o
 .bss.gl_ptr_mem
                0x00000620        0x8 src/asf/avr32/components/memory/sd_mmc/sd_mmc_mci/sd_mmc_mci.o
                0x00000620                gl_ptr_mem
 .bss.Statement
                0x00000628       0x64 src/asf/avr32/components/memory/sd_mmc/sd_mmc_mci/sd_mmc_mci.o
                0x00000628                Statement
 .bss.enciphered_blocks
                0x0000068c        0x2 src/asf/avr32/components/memory/sd_mmc/sd_mmc_mci/sd_mmc_mci.o
                0x0000068c                enciphered_blocks
 .bss.deciphered_blocks
                0x0000068e        0x2 src/asf/avr32/components/memory/sd_mmc/sd_mmc_mci/sd_mmc_mci.o
                0x0000068e                deciphered_blocks
 .bss.aes_step  0x00000690        0x2 src/asf/avr32/components/memory/sd_mmc/sd_mmc_mci/sd_mmc_mci.o
                0x00000690                aes_step
 *fill*         0x00000692        0x2 00
 .bss.smc_tab_cs_size
                0x00000694        0x8 src/asf/avr32/drivers/ebi/smc/smc.o
 .bss.flashc_error_status
                0x0000069c        0x4 src/asf/avr32/drivers/flashc/flashc.o
 .bss._int_line_handler_table_0
                0x000006a0        0x4 src/asf/avr32/drivers/intc/intc.o
 .bss._int_line_handler_table_1
                0x000006a4       0x2c src/asf/avr32/drivers/intc/intc.o
 .bss._int_line_handler_table_2
                0x000006d0       0x38 src/asf/avr32/drivers/intc/intc.o
 .bss._int_line_handler_table_3
                0x00000708       0x20 src/asf/avr32/drivers/intc/intc.o
 .bss._int_line_handler_table_4
                0x00000728        0x4 src/asf/avr32/drivers/intc/intc.o
 .bss._int_line_handler_table_5
                0x0000072c        0x4 src/asf/avr32/drivers/intc/intc.o
 .bss._int_line_handler_table_6
                0x00000730        0x4 src/asf/avr32/drivers/intc/intc.o
 .bss._int_line_handler_table_7
                0x00000734        0x4 src/asf/avr32/drivers/intc/intc.o
 .bss._int_line_handler_table_8
                0x00000738        0x4 src/asf/avr32/drivers/intc/intc.o
 .bss._int_line_handler_table_9
                0x0000073c        0x4 src/asf/avr32/drivers/intc/intc.o
 .bss._int_line_handler_table_10
                0x00000740        0x4 src/asf/avr32/drivers/intc/intc.o
 .bss._int_line_handler_table_11
                0x00000744        0x4 src/asf/avr32/drivers/intc/intc.o
 .bss._int_line_handler_table_12
                0x00000748        0x4 src/asf/avr32/drivers/intc/intc.o
 .bss._int_line_handler_table_13
                0x0000074c        0x4 src/asf/avr32/drivers/intc/intc.o
 .bss._int_line_handler_table_14
                0x00000750        0xc src/asf/avr32/drivers/intc/intc.o
 .bss._int_line_handler_table_15
                0x0000075c        0x4 src/asf/avr32/drivers/intc/intc.o
 .bss._int_line_handler_table_16
                0x00000760        0xc src/asf/avr32/drivers/intc/intc.o
 .bss._int_line_handler_table_17
                0x0000076c        0x4 src/asf/avr32/drivers/intc/intc.o
 .bss._int_line_handler_table_18
                0x00000770        0x4 src/asf/avr32/drivers/intc/intc.o
 .bss._int_line_handler_table_19
                0x00000774        0x4 src/asf/avr32/drivers/intc/intc.o
 .bss._int_line_handler_table_20
                0x00000778        0x4 src/asf/avr32/drivers/intc/intc.o
 .bss._int_line_handler_table_21
                0x0000077c        0x4 src/asf/avr32/drivers/intc/intc.o
 .bss._int_line_handler_table_22
                0x00000780       0x14 src/asf/avr32/drivers/intc/intc.o
 .bss._int_line_handler_table_23
                0x00000794        0x4 src/asf/avr32/drivers/intc/intc.o
 .bss._int_line_handler_table_24
                0x00000798        0x4 src/asf/avr32/drivers/intc/intc.o
 .bss._int_line_handler_table_25
                0x0000079c        0x4 src/asf/avr32/drivers/intc/intc.o
 .bss._int_line_handler_table_26
                0x000007a0        0x4 src/asf/avr32/drivers/intc/intc.o
 .bss._int_line_handler_table_27
                0x000007a4        0x4 src/asf/avr32/drivers/intc/intc.o
 .bss._int_line_handler_table_28
                0x000007a8        0x4 src/asf/avr32/drivers/intc/intc.o
 .bss._int_line_handler_table_29
                0x000007ac        0x4 src/asf/avr32/drivers/intc/intc.o
 .bss.shadow_sr
                0x000007b0        0x4 src/asf/avr32/drivers/mci/mci.o
                0x000007b0                shadow_sr
 .bss.udd_b_idle
                0x000007b4        0x1 src/asf/avr32/drivers/usbb/usbb_device.o
 *fill*         0x000007b5        0x3 00
 .bss.udd_ep_control_state
                0x000007b8        0x4 src/asf/avr32/drivers/usbb/usbb_device.o
 .bss.udd_ctrl_prev_payload_nb_trans
                0x000007bc        0x2 src/asf/avr32/drivers/usbb/usbb_device.o
 .bss.udd_ctrl_payload_nb_trans
                0x000007be        0x2 src/asf/avr32/drivers/usbb/usbb_device.o
 .bss.udd_ep_job
                0x000007c0       0x28 src/asf/avr32/drivers/usbb/usbb_device.o
 .bss.b_shortpacket.15178
                0x000007e8        0x1 src/asf/avr32/drivers/usbb/usbb_device.o
 *fill*         0x000007e9        0x3 00
 .bss.sysclk_bus_refcount
                0x000007ec        0x4 src/asf/common/services/clock/uc3a3_a4/sysclk.o
 .bss.udi_msc_cbw
                0x000007f0       0x20 src/asf/common/services/usb/class/msc/device/udi_msc.o
 .bss.udi_msc_nb_lun
                0x00000810        0x4 src/asf/common/services/usb/class/msc/device/udi_msc.o
 .bss.udi_msc_sense
                0x00000814       0x14 src/asf/common/services/usb/class/msc/device/udi_msc.o
 .bss.udi_msc_b_cbw_invalid
                0x00000828        0x1 src/asf/common/services/usb/class/msc/device/udi_msc.o
 .bss.udi_msc_b_trans_req
                0x00000829        0x1 src/asf/common/services/usb/class/msc/device/udi_msc.o
 .bss.udi_msc_b_read
                0x0000082a        0x1 src/asf/common/services/usb/class/msc/device/udi_msc.o
 *fill*         0x0000082b        0x1 00
 .bss.udi_msc_addr
                0x0000082c        0x4 src/asf/common/services/usb/class/msc/device/udi_msc.o
 .bss.udi_msc_nb_block
                0x00000830        0x2 src/asf/common/services/usb/class/msc/device/udi_msc.o
 *fill*         0x00000832        0x2 00
 .bss.udi_msc_capacity.14117
                0x00000834        0x8 src/asf/common/services/usb/class/msc/device/udi_msc.o
 .bss.sense.14085
                0x0000083c       0x14 src/asf/common/services/usb/class/msc/device/udi_msc.o
 .bss.udc_device_status
                0x00000850        0x2 src/asf/common/services/usb/udc/udc.o
 .bss.udc_num_configuration
                0x00000852        0x1 src/asf/common/services/usb/udc/udc.o
 *fill*         0x00000853        0x1 00
 .bss.udc_ptr_conf
                0x00000854        0x4 src/asf/common/services/usb/udc/udc.o
 .bss.udc_ptr_iface
                0x00000858        0x4 src/asf/common/services/usb/udc/udc.o
 .bss.udc_iface_setting.13862
                0x0000085c        0x1 src/asf/common/services/usb/udc/udc.o
 *fill*         0x0000085d        0x1 00
 .bss.udc_ep_status.13508
                0x0000085e        0x2 src/asf/common/services/usb/udc/udc.o
 .bss.main_b_msc_enable
                0x00000860        0x1 src/main.o
 *(COMMON)
 *fill*         0x00000861        0x1 00
 COMMON         0x00000862      0x200 src/cryptX2/crc.o
                0x00000862                crcTable
 *fill*         0x00000a62        0x2 00
 COMMON         0x00000a64       0x20 src/cryptX2/pbkdf2.o
                0x00000a64                var_Password
 COMMON         0x00000a84      0x148 src/cryptX2/Salt.o
                0x00000a84                Stored_values_ram
                0x00000b48                var_Hkey
                0x00000b68                var_T
                0x00000b88                var_R
                0x00000ba8                var_Salt
                0x00000bc8                pass_code
 COMMON         0x00000bcc       0x20 src/cryptX2/sha256.o
                0x00000bcc                chunk
 COMMON         0x00000bec      0x41a src/asf/avr32/components/memory/sd_mmc/sd_mmc_mci/sd_mmc_mci.o
                0x00000bec                g_card_rca
                0x00000bf4                g_card_size
                0x00000bfc                sector_buf_1
                0x00000dfc                g_card_bus_width
                0x00000dfe                g_card_freq
                0x00000e04                sector_buf_0
                0x00001004                g_card_type
 *fill*         0x00001006        0x2 00
 COMMON         0x00001008       0x18 src/asf/avr32/drivers/usbb/usbb_device.o
                0x00001008                udd_g_ctrlreq
 COMMON         0x00001020        0x7 src/asf/common/services/sleepmgr/uc3/sleepmgr.o
                0x00001020                sleepmgr_locks
 COMMON         0x00001027        0x1 src/asf/common/services/usb/class/msc/device/udi_msc.o
                0x00001027                udi_msc_b_abort_trans
                0x00001028                . = ALIGN (0x8)
                0x00001028                . = ALIGN (0x8)
                0x00001028                _end = .
                0x00001028                PROVIDE (end, .)
                0x00001028                __heap_start__ = ALIGN (0x8)

.heap           0x00001028     0xdfd8
 *(.heap)
                0x0000dfd8                . = (__heap_size__ == __max_heap_size__)?(((ORIGIN (INTRAM) + 0xfffc) - __stack_size__) - ABSOLUTE (.)):__heap_size__
 *fill*         0x00001028     0xdfd8 00
                0x0000f000                __heap_end__ = .

.stab
 *(.stab)

.stabstr
 *(.stabstr)

.stab.excl
 *(.stab.excl)

.stab.exclstr
 *(.stab.exclstr)

.stab.index
 *(.stab.index)

.stab.indexstr
 *(.stab.indexstr)

.comment        0x00000000       0x30
 *(.comment)
 .comment       0x00000000       0x30 src/cryptX2/crc.o
                                 0x31 (size before relaxing)
 .comment       0x00000000       0x31 src/cryptX2/hmac/hmac_sha2.o
 .comment       0x00000000       0x31 src/cryptX2/hmac/sha2.o
 .comment       0x00000000       0x31 src/cryptX2/pbkdf2.o
 .comment       0x00000000       0x31 src/cryptX2/Salt.o
 .comment       0x00000000       0x31 src/cryptX2/sha256.o
 .comment       0x00000000       0x31 src/tc_task.o
 .comment       0x00000000       0x31 src/aes_example.o
 .comment       0x00000000       0x31 src/asf/avr32/boards/evk1104/init.o
 .comment       0x00000000       0x31 src/asf/avr32/boards/evk1104/led.o
 .comment       0x00000000       0x31 src/asf/avr32/components/display/et024006dhu/et024006dhu.o
 .comment       0x00000000       0x31 src/asf/avr32/components/memory/sd_mmc/sd_mmc_mci/sd_mmc_mci.o
 .comment       0x00000000       0x31 src/asf/avr32/components/memory/sd_mmc/sd_mmc_mci/sd_mmc_mci_mem.o
 .comment       0x00000000       0x31 src/asf/avr32/drivers/aes/aes.o
 .comment       0x00000000       0x31 src/asf/avr32/drivers/ebi/smc/smc.o
 .comment       0x00000000       0x31 src/asf/avr32/drivers/flashc/flashc.o
 .comment       0x00000000       0x31 src/asf/avr32/drivers/gpio/gpio.o
 .comment       0x00000000       0x31 src/asf/avr32/drivers/intc/intc.o
 .comment       0x00000000       0x31 src/asf/avr32/drivers/mci/mci.o
 .comment       0x00000000       0x31 src/asf/avr32/drivers/tc/tc.o
 .comment       0x00000000       0x31 src/asf/avr32/drivers/usbb/usbb_device.o
 .comment       0x00000000       0x31 src/asf/common/services/clock/uc3a3_a4/sysclk.o
 .comment       0x00000000       0x31 src/asf/common/services/sleepmgr/uc3/sleepmgr.o
 .comment       0x00000000       0x31 src/asf/common/services/storage/ctrl_access/ctrl_access.o
 .comment       0x00000000       0x31 src/asf/common/services/usb/class/msc/device/example/at32uc3a3256_evk1104/ui.o
 .comment       0x00000000       0x31 src/asf/common/services/usb/class/msc/device/udi_msc.o
 .comment       0x00000000       0x31 src/asf/common/services/usb/class/msc/device/udi_msc_desc.o
 .comment       0x00000000       0x31 src/asf/common/services/usb/udc/udc.o
 .comment       0x00000000       0x31 src/main.o
 .comment       0x00000000       0x31 src/memories_initialization_uc3.o
 .comment       0x00000000       0x31 c:/program files/atmel/atmel studio 6.0/extensions/atmel/avrgcc/3.4.0.65/avrtoolchain/bin/../lib/gcc/avr32/4.4.3/ucr2\libgcc.a(_udivdi3.o)
 .comment       0x00000000       0x31 c:/program files/atmel/atmel studio 6.0/extensions/atmel/avrgcc/3.4.0.65/avrtoolchain/bin/../lib/gcc/avr32/4.4.3/../../../../avr32/lib/ucr2\libc.a(lib_a-memset.o)

.debug
 *(.debug)

.line
 *(.line)

.debug_srcinfo
 *(.debug_srcinfo)

.debug_sfnames
 *(.debug_sfnames)

.debug_aranges  0x00000000     0x1330
 *(.debug_aranges)
 .debug_aranges
                0x00000000       0x38 src/cryptX2/crc.o
 .debug_aranges
                0x00000038       0xb8 src/cryptX2/hmac/hmac_sha2.o
 .debug_aranges
                0x000000f0       0xa8 src/cryptX2/hmac/sha2.o
 .debug_aranges
                0x00000198       0x20 src/cryptX2/pbkdf2.o
 .debug_aranges
                0x000001b8       0x68 src/cryptX2/Salt.o
 .debug_aranges
                0x00000220       0x30 src/cryptX2/sha256.o
 .debug_aranges
                0x00000250       0xc0 src/tc_task.o
 .debug_aranges
                0x00000310       0x48 src/aes_example.o
 .debug_aranges
                0x00000358       0x20 src/asf/avr32/boards/evk1104/init.o
 .debug_aranges
                0x00000378       0x78 src/asf/avr32/boards/evk1104/led.o
 .debug_aranges
                0x000003f0      0x150 src/asf/avr32/components/display/et024006dhu/et024006dhu.o
 .debug_aranges
                0x00000540      0x118 src/asf/avr32/components/memory/sd_mmc/sd_mmc_mci/sd_mmc_mci.o
 .debug_aranges
                0x00000658       0xb8 src/asf/avr32/components/memory/sd_mmc/sd_mmc_mci/sd_mmc_mci_mem.o
 .debug_aranges
                0x00000710       0x58 src/asf/avr32/drivers/aes/aes.o
 .debug_aranges
                0x00000768       0x30 src/asf/avr32/drivers/ebi/smc/smc.o
 .debug_aranges
                0x00000798      0x220 src/asf/avr32/drivers/flashc/flashc.o
 .debug_aranges
                0x000009b8      0x108 src/asf/avr32/drivers/gpio/gpio.o
 .debug_aranges
                0x00000ac0       0x20 src/asf/avr32/drivers/intc/exception.o
 .debug_aranges
                0x00000ae0       0x40 src/asf/avr32/drivers/intc/intc.o
 .debug_aranges
                0x00000b20       0x80 src/asf/avr32/drivers/mci/mci.o
 .debug_aranges
                0x00000ba0       0xb0 src/asf/avr32/drivers/tc/tc.o
 .debug_aranges
                0x00000c50      0x198 src/asf/avr32/drivers/usbb/usbb_device.o
 .debug_aranges
                0x00000de8       0x28 src/asf/avr32/utils/startup/startup_uc3.o
 .debug_aranges
                0x00000e10       0x20 src/asf/avr32/utils/startup/trampoline_uc3.o
 .debug_aranges
                0x00000e30      0x110 src/asf/common/services/clock/uc3a3_a4/sysclk.o
 .debug_aranges
                0x00000f40       0x68 src/asf/common/services/storage/ctrl_access/ctrl_access.o
 .debug_aranges
                0x00000fa8       0x58 src/asf/common/services/usb/class/msc/device/example/at32uc3a3256_evk1104/ui.o
 .debug_aranges
                0x00001000      0x120 src/asf/common/services/usb/class/msc/device/udi_msc.o
 .debug_aranges
                0x00001120       0xf8 src/asf/common/services/usb/udc/udc.o
 .debug_aranges
                0x00001218       0x90 src/main.o
 .debug_aranges
                0x000012a8       0x48 src/memories_initialization_uc3.o
 .debug_aranges
                0x000012f0       0x20 c:/program files/atmel/atmel studio 6.0/extensions/atmel/avrgcc/3.4.0.65/avrtoolchain/bin/../lib/gcc/avr32/4.4.3/ucr2\libgcc.a(_udivdi3.o)
 .debug_aranges
                0x00001310       0x20 c:/program files/atmel/atmel studio 6.0/extensions/atmel/avrgcc/3.4.0.65/avrtoolchain/bin/../lib/gcc/avr32/4.4.3/../../../../avr32/lib/ucr2\libc.a(lib_a-memset.o)

.debug_pubnames
                0x00000000     0x29c2
 *(.debug_pubnames)
 .debug_pubnames
                0x00000000       0x43 src/cryptX2/crc.o
 .debug_pubnames
                0x00000043      0x1b6 src/cryptX2/hmac/hmac_sha2.o
 .debug_pubnames
                0x000001f9      0x180 src/cryptX2/hmac/sha2.o
 .debug_pubnames
                0x00000379       0x33 src/cryptX2/pbkdf2.o
 .debug_pubnames
                0x000003ac      0x1bd src/cryptX2/Salt.o
 .debug_pubnames
                0x00000569       0xb0 src/cryptX2/sha256.o
 .debug_pubnames
                0x00000619      0x2ef src/tc_task.o
 .debug_pubnames
                0x00000908      0x11b src/aes_example.o
 .debug_pubnames
                0x00000a23       0x21 src/asf/avr32/boards/evk1104/init.o
 .debug_pubnames
                0x00000a44       0xf6 src/asf/avr32/boards/evk1104/led.o
 .debug_pubnames
                0x00000b3a      0x24d src/asf/avr32/components/display/et024006dhu/et024006dhu.o
 .debug_pubnames
                0x00000d87      0x408 src/asf/avr32/components/memory/sd_mmc/sd_mmc_mci/sd_mmc_mci.o
 .debug_pubnames
                0x0000118f      0x271 src/asf/avr32/components/memory/sd_mmc/sd_mmc_mci/sd_mmc_mci_mem.o
 .debug_pubnames
                0x00001400       0xa4 src/asf/avr32/drivers/aes/aes.o
 .debug_pubnames
                0x000014a4       0x33 src/asf/avr32/drivers/ebi/smc/smc.o
 .debug_pubnames
                0x000014d7      0x771 src/asf/avr32/drivers/flashc/flashc.o
 .debug_pubnames
                0x00001c48      0x330 src/asf/avr32/drivers/gpio/gpio.o
 .debug_pubnames
                0x00001f78       0x62 src/asf/avr32/drivers/intc/intc.o
 .debug_pubnames
                0x00001fda      0x111 src/asf/avr32/drivers/mci/mci.o
 .debug_pubnames
                0x000020eb      0x164 src/asf/avr32/drivers/tc/tc.o
 .debug_pubnames
                0x0000224f      0x221 src/asf/avr32/drivers/usbb/usbb_device.o
 .debug_pubnames
                0x00002470       0xc7 src/asf/common/services/clock/uc3a3_a4/sysclk.o
 .debug_pubnames
                0x00002537       0x25 src/asf/common/services/sleepmgr/uc3/sleepmgr.o
 .debug_pubnames
                0x0000255c       0xc5 src/asf/common/services/storage/ctrl_access/ctrl_access.o
 .debug_pubnames
                0x00002621       0x94 src/asf/common/services/usb/class/msc/device/example/at32uc3a3256_evk1104/ui.o
 .debug_pubnames
                0x000026b5       0xeb src/asf/common/services/usb/class/msc/device/udi_msc.o
 .debug_pubnames
                0x000027a0       0x9c src/asf/common/services/usb/class/msc/device/udi_msc_desc.o
 .debug_pubnames
                0x0000283c       0x7f src/asf/common/services/usb/udc/udc.o
 .debug_pubnames
                0x000028bb       0x9c src/main.o
 .debug_pubnames
                0x00002957       0x2e src/memories_initialization_uc3.o
 .debug_pubnames
                0x00002985       0x20 c:/program files/atmel/atmel studio 6.0/extensions/atmel/avrgcc/3.4.0.65/avrtoolchain/bin/../lib/gcc/avr32/4.4.3/ucr2\libgcc.a(_udivdi3.o)
 .debug_pubnames
                0x000029a5       0x1d c:/program files/atmel/atmel studio 6.0/extensions/atmel/avrgcc/3.4.0.65/avrtoolchain/bin/../lib/gcc/avr32/4.4.3/../../../../avr32/lib/ucr2\libc.a(lib_a-memset.o)

.debug_info     0x00000000    0x2546b
 *(.debug_info .gnu.linkonce.wi.*)
 .debug_info    0x00000000      0x1e2 src/cryptX2/crc.o
 .debug_info    0x000001e2      0xb36 src/cryptX2/hmac/hmac_sha2.o
 .debug_info    0x00000d18      0x9e1 src/cryptX2/hmac/sha2.o
 .debug_info    0x000016f9      0x1f3 src/cryptX2/pbkdf2.o
 .debug_info    0x000018ec      0xa10 src/cryptX2/Salt.o
 .debug_info    0x000022fc      0x345 src/cryptX2/sha256.o
 .debug_info    0x00002641     0x129e src/tc_task.o
 .debug_info    0x000038df      0xf66 src/aes_example.o
 .debug_info    0x00004845      0x140 src/asf/avr32/boards/evk1104/init.o
 .debug_info    0x00004985      0x762 src/asf/avr32/boards/evk1104/led.o
 .debug_info    0x000050e7     0x2347 src/asf/avr32/components/display/et024006dhu/et024006dhu.o
 .debug_info    0x0000742e     0x5327 src/asf/avr32/components/memory/sd_mmc/sd_mmc_mci/sd_mmc_mci.o
 .debug_info    0x0000c755      0x4d3 src/asf/avr32/components/memory/sd_mmc/sd_mmc_mci/sd_mmc_mci_mem.o
 .debug_info    0x0000cc28      0x9bb src/asf/avr32/drivers/aes/aes.o
 .debug_info    0x0000d5e3      0x559 src/asf/avr32/drivers/ebi/smc/smc.o
 .debug_info    0x0000db3c     0x1c31 src/asf/avr32/drivers/flashc/flashc.o
 .debug_info    0x0000f76d      0xb30 src/asf/avr32/drivers/gpio/gpio.o
 .debug_info    0x0001029d       0x96 src/asf/avr32/drivers/intc/exception.o
 .debug_info    0x00010333      0x69a src/asf/avr32/drivers/intc/intc.o
 .debug_info    0x000109cd     0x158a src/asf/avr32/drivers/mci/mci.o
 .debug_info    0x00011f57     0x1180 src/asf/avr32/drivers/tc/tc.o
 .debug_info    0x000130d7     0xd369 src/asf/avr32/drivers/usbb/usbb_device.o
 .debug_info    0x00020440       0x95 src/asf/avr32/utils/startup/startup_uc3.o
 .debug_info    0x000204d5       0x9c src/asf/avr32/utils/startup/trampoline_uc3.o
 .debug_info    0x00020571     0x162b src/asf/common/services/clock/uc3a3_a4/sysclk.o
 .debug_info    0x00021b9c       0xf5 src/asf/common/services/sleepmgr/uc3/sleepmgr.o
 .debug_info    0x00021c91      0x43f src/asf/common/services/storage/ctrl_access/ctrl_access.o
 .debug_info    0x000220d0      0x185 src/asf/common/services/usb/class/msc/device/example/at32uc3a3256_evk1104/ui.o
 .debug_info    0x00022255      0xdaf src/asf/common/services/usb/class/msc/device/udi_msc.o
 .debug_info    0x00023004      0x693 src/asf/common/services/usb/class/msc/device/udi_msc_desc.o
 .debug_info    0x00023697      0xcfd src/asf/common/services/usb/udc/udc.o
 .debug_info    0x00024394      0x3af src/main.o
 .debug_info    0x00024743      0x6e8 src/memories_initialization_uc3.o
 .debug_info    0x00024e2b      0x573 c:/program files/atmel/atmel studio 6.0/extensions/atmel/avrgcc/3.4.0.65/avrtoolchain/bin/../lib/gcc/avr32/4.4.3/ucr2\libgcc.a(_udivdi3.o)
 .debug_info    0x0002539e       0xcd c:/program files/atmel/atmel studio 6.0/extensions/atmel/avrgcc/3.4.0.65/avrtoolchain/bin/../lib/gcc/avr32/4.4.3/../../../../avr32/lib/ucr2\libc.a(lib_a-memset.o)

.debug_abbrev   0x00000000     0x3515
 *(.debug_abbrev)
 .debug_abbrev  0x00000000       0xe9 src/cryptX2/crc.o
 .debug_abbrev  0x000000e9      0x157 src/cryptX2/hmac/hmac_sha2.o
 .debug_abbrev  0x00000240      0x153 src/cryptX2/hmac/sha2.o
 .debug_abbrev  0x00000393       0xef src/cryptX2/pbkdf2.o
 .debug_abbrev  0x00000482      0x1d5 src/cryptX2/Salt.o
 .debug_abbrev  0x00000657       0xf7 src/cryptX2/sha256.o
 .debug_abbrev  0x0000074e      0x242 src/tc_task.o
 .debug_abbrev  0x00000990      0x225 src/aes_example.o
 .debug_abbrev  0x00000bb5       0x9f src/asf/avr32/boards/evk1104/init.o
 .debug_abbrev  0x00000c54      0x19f src/asf/avr32/boards/evk1104/led.o
 .debug_abbrev  0x00000df3      0x24a src/asf/avr32/components/display/et024006dhu/et024006dhu.o
 .debug_abbrev  0x0000103d      0x3a0 src/asf/avr32/components/memory/sd_mmc/sd_mmc_mci/sd_mmc_mci.o
 .debug_abbrev  0x000013dd      0x134 src/asf/avr32/components/memory/sd_mmc/sd_mmc_mci/sd_mmc_mci_mem.o
 .debug_abbrev  0x00001511      0x18c src/asf/avr32/drivers/aes/aes.o
 .debug_abbrev  0x0000169d      0x1a4 src/asf/avr32/drivers/ebi/smc/smc.o
 .debug_abbrev  0x00001841      0x283 src/asf/avr32/drivers/flashc/flashc.o
 .debug_abbrev  0x00001ac4      0x1d4 src/asf/avr32/drivers/gpio/gpio.o
 .debug_abbrev  0x00001c98       0x14 src/asf/avr32/drivers/intc/exception.o
 .debug_abbrev  0x00001cac      0x1b4 src/asf/avr32/drivers/intc/intc.o
 .debug_abbrev  0x00001e60      0x265 src/asf/avr32/drivers/mci/mci.o
 .debug_abbrev  0x000020c5      0x21d src/asf/avr32/drivers/tc/tc.o
 .debug_abbrev  0x000022e2      0x34c src/asf/avr32/drivers/usbb/usbb_device.o
 .debug_abbrev  0x0000262e       0x12 src/asf/avr32/utils/startup/startup_uc3.o
 .debug_abbrev  0x00002640       0x14 src/asf/avr32/utils/startup/trampoline_uc3.o
 .debug_abbrev  0x00002654      0x23e src/asf/common/services/clock/uc3a3_a4/sysclk.o
 .debug_abbrev  0x00002892       0x7b src/asf/common/services/sleepmgr/uc3/sleepmgr.o
 .debug_abbrev  0x0000290d      0x12a src/asf/common/services/storage/ctrl_access/ctrl_access.o
 .debug_abbrev  0x00002a37       0x9c src/asf/common/services/usb/class/msc/device/example/at32uc3a3256_evk1104/ui.o
 .debug_abbrev  0x00002ad3      0x23d src/asf/common/services/usb/class/msc/device/udi_msc.o
 .debug_abbrev  0x00002d10       0xea src/asf/common/services/usb/class/msc/device/udi_msc_desc.o
 .debug_abbrev  0x00002dfa      0x217 src/asf/common/services/usb/udc/udc.o
 .debug_abbrev  0x00003011      0x194 src/main.o
 .debug_abbrev  0x000031a5      0x19a src/memories_initialization_uc3.o
 .debug_abbrev  0x0000333f      0x151 c:/program files/atmel/atmel studio 6.0/extensions/atmel/avrgcc/3.4.0.65/avrtoolchain/bin/../lib/gcc/avr32/4.4.3/ucr2\libgcc.a(_udivdi3.o)
 .debug_abbrev  0x00003490       0x85 c:/program files/atmel/atmel studio 6.0/extensions/atmel/avrgcc/3.4.0.65/avrtoolchain/bin/../lib/gcc/avr32/4.4.3/../../../../avr32/lib/ucr2\libc.a(lib_a-memset.o)

.debug_line     0x00000000     0x7561
 *(.debug_line)
 .debug_line    0x00000000       0xc6 src/cryptX2/crc.o
 .debug_line    0x000000c6      0x290 src/cryptX2/hmac/hmac_sha2.o
 .debug_line    0x00000356      0x2f5 src/cryptX2/hmac/sha2.o
 .debug_line    0x0000064b      0x11f src/cryptX2/pbkdf2.o
 .debug_line    0x0000076a      0x260 src/cryptX2/Salt.o
 .debug_line    0x000009ca      0x155 src/cryptX2/sha256.o
 .debug_line    0x00000b1f      0x531 src/tc_task.o
 .debug_line    0x00001050      0x293 src/aes_example.o
 .debug_line    0x000012e3       0x91 src/asf/avr32/boards/evk1104/init.o
 .debug_line    0x00001374      0x2d6 src/asf/avr32/boards/evk1104/led.o
 .debug_line    0x0000164a      0x9ec src/asf/avr32/components/display/et024006dhu/et024006dhu.o
 .debug_line    0x00002036      0xcf2 src/asf/avr32/components/memory/sd_mmc/sd_mmc_mci/sd_mmc_mci.o
 .debug_line    0x00002d28      0x30b src/asf/avr32/components/memory/sd_mmc/sd_mmc_mci/sd_mmc_mci_mem.o
 .debug_line    0x00003033      0x2a4 src/asf/avr32/drivers/aes/aes.o
 .debug_line    0x000032d7      0x20b src/asf/avr32/drivers/ebi/smc/smc.o
 .debug_line    0x000034e2      0x80b src/asf/avr32/drivers/flashc/flashc.o
 .debug_line    0x00003ced      0x465 src/asf/avr32/drivers/gpio/gpio.o
 .debug_line    0x00004152      0x109 src/asf/avr32/drivers/intc/exception.o
 .debug_line    0x0000425b      0x239 src/asf/avr32/drivers/intc/intc.o
 .debug_line    0x00004494      0x2e4 src/asf/avr32/drivers/mci/mci.o
 .debug_line    0x00004778      0x3ca src/asf/avr32/drivers/tc/tc.o
 .debug_line    0x00004b42      0x956 src/asf/avr32/drivers/usbb/usbb_device.o
 .debug_line    0x00005498       0xf2 src/asf/avr32/utils/startup/startup_uc3.o
 .debug_line    0x0000558a       0x67 src/asf/avr32/utils/startup/trampoline_uc3.o
 .debug_line    0x000055f1      0x51e src/asf/common/services/clock/uc3a3_a4/sysclk.o
 .debug_line    0x00005b0f       0xf8 src/asf/common/services/sleepmgr/uc3/sleepmgr.o
 .debug_line    0x00005c07      0x211 src/asf/common/services/storage/ctrl_access/ctrl_access.o
 .debug_line    0x00005e18      0x1fb src/asf/common/services/usb/class/msc/device/example/at32uc3a3256_evk1104/ui.o